Archive member included to satisfy reference by file (symbol)

C:/Users/User/.pico-sdk/toolchain/13_3_Rel1/bin/../lib/gcc/arm-none-eabi/13.3.1/thumb/v6-m/nofp\libgcc.a(_dvmd_tls.o)
                              CMakeFiles/DisplayC.dir/C_/Users/User/.pico-sdk/sdk/2.1.0/src/rp2_common/pico_divider/divider_hardware.S.obj (__aeabi_idiv0)
C:/Users/User/.pico-sdk/toolchain/13_3_Rel1/bin/../lib/gcc/arm-none-eabi/13.3.1/thumb/v6-m/nofp\libg.a(libc_a-calloc.o)
                              CMakeFiles/DisplayC.dir/C_/Users/User/.pico-sdk/sdk/2.1.0/src/rp2_common/pico_malloc/malloc.c.obj (calloc)
C:/Users/User/.pico-sdk/toolchain/13_3_Rel1/bin/../lib/gcc/arm-none-eabi/13.3.1/thumb/v6-m/nofp\libg.a(libc_a-callocr.o)
                              C:/Users/User/.pico-sdk/toolchain/13_3_Rel1/bin/../lib/gcc/arm-none-eabi/13.3.1/thumb/v6-m/nofp\libg.a(libc_a-calloc.o) (_calloc_r)
C:/Users/User/.pico-sdk/toolchain/13_3_Rel1/bin/../lib/gcc/arm-none-eabi/13.3.1/thumb/v6-m/nofp\libg.a(libc_a-malloc.o)
                              CMakeFiles/DisplayC.dir/C_/Users/User/.pico-sdk/sdk/2.1.0/src/rp2_common/pico_malloc/malloc.c.obj (malloc)
C:/Users/User/.pico-sdk/toolchain/13_3_Rel1/bin/../lib/gcc/arm-none-eabi/13.3.1/thumb/v6-m/nofp\libg.a(libc_a-mallocr.o)
                              C:/Users/User/.pico-sdk/toolchain/13_3_Rel1/bin/../lib/gcc/arm-none-eabi/13.3.1/thumb/v6-m/nofp\libg.a(libc_a-callocr.o) (_malloc_r)
C:/Users/User/.pico-sdk/toolchain/13_3_Rel1/bin/../lib/gcc/arm-none-eabi/13.3.1/thumb/v6-m/nofp\libg.a(libc_a-mlock.o)
                              C:/Users/User/.pico-sdk/toolchain/13_3_Rel1/bin/../lib/gcc/arm-none-eabi/13.3.1/thumb/v6-m/nofp\libg.a(libc_a-mallocr.o) (__malloc_lock)
C:/Users/User/.pico-sdk/toolchain/13_3_Rel1/bin/../lib/gcc/arm-none-eabi/13.3.1/thumb/v6-m/nofp\libg.a(libc_a-realloc.o)
                              CMakeFiles/DisplayC.dir/C_/Users/User/.pico-sdk/sdk/2.1.0/src/rp2_common/pico_malloc/malloc.c.obj (realloc)
C:/Users/User/.pico-sdk/toolchain/13_3_Rel1/bin/../lib/gcc/arm-none-eabi/13.3.1/thumb/v6-m/nofp\libg.a(libc_a-reallocr.o)
                              C:/Users/User/.pico-sdk/toolchain/13_3_Rel1/bin/../lib/gcc/arm-none-eabi/13.3.1/thumb/v6-m/nofp\libg.a(libc_a-realloc.o) (_realloc_r)
C:/Users/User/.pico-sdk/toolchain/13_3_Rel1/bin/../lib/gcc/arm-none-eabi/13.3.1/thumb/v6-m/nofp\libg.a(libc_a-memcmp.o)
                              CMakeFiles/DisplayC.dir/C_/Users/User/.pico-sdk/sdk/2.1.0/src/rp2_common/pico_atomic/atomic.c.obj (memcmp)
C:/Users/User/.pico-sdk/toolchain/13_3_Rel1/bin/../lib/gcc/arm-none-eabi/13.3.1/thumb/v6-m/nofp\libg.a(libc_a-memmove.o)
                              C:/Users/User/.pico-sdk/toolchain/13_3_Rel1/bin/../lib/gcc/arm-none-eabi/13.3.1/thumb/v6-m/nofp\libg.a(libc_a-reallocr.o) (memmove)
C:/Users/User/.pico-sdk/toolchain/13_3_Rel1/bin/../lib/gcc/arm-none-eabi/13.3.1/thumb/v6-m/nofp\libg.a(libc_a-lcltime_r.o)
                              CMakeFiles/DisplayC.dir/C_/Users/User/.pico-sdk/sdk/2.1.0/src/common/pico_util/datetime.c.obj (localtime_r)
C:/Users/User/.pico-sdk/toolchain/13_3_Rel1/bin/../lib/gcc/arm-none-eabi/13.3.1/thumb/v6-m/nofp\libg.a(libc_a-mktime.o)
                              CMakeFiles/DisplayC.dir/C_/Users/User/.pico-sdk/sdk/2.1.0/src/common/pico_util/datetime.c.obj (mktime)
C:/Users/User/.pico-sdk/toolchain/13_3_Rel1/bin/../lib/gcc/arm-none-eabi/13.3.1/thumb/v6-m/nofp\libg.a(libc_a-month_lengths.o)
                              C:/Users/User/.pico-sdk/toolchain/13_3_Rel1/bin/../lib/gcc/arm-none-eabi/13.3.1/thumb/v6-m/nofp\libg.a(libc_a-lcltime_r.o) (__month_lengths)
C:/Users/User/.pico-sdk/toolchain/13_3_Rel1/bin/../lib/gcc/arm-none-eabi/13.3.1/thumb/v6-m/nofp\libg.a(libc_a-tzcalc_limits.o)
                              C:/Users/User/.pico-sdk/toolchain/13_3_Rel1/bin/../lib/gcc/arm-none-eabi/13.3.1/thumb/v6-m/nofp\libg.a(libc_a-lcltime_r.o) (__tzcalc_limits)
C:/Users/User/.pico-sdk/toolchain/13_3_Rel1/bin/../lib/gcc/arm-none-eabi/13.3.1/thumb/v6-m/nofp\libg.a(libc_a-tzlock.o)
                              C:/Users/User/.pico-sdk/toolchain/13_3_Rel1/bin/../lib/gcc/arm-none-eabi/13.3.1/thumb/v6-m/nofp\libg.a(libc_a-lcltime_r.o) (__tz_lock)
C:/Users/User/.pico-sdk/toolchain/13_3_Rel1/bin/../lib/gcc/arm-none-eabi/13.3.1/thumb/v6-m/nofp\libg.a(libc_a-tzset.o)
                              C:/Users/User/.pico-sdk/toolchain/13_3_Rel1/bin/../lib/gcc/arm-none-eabi/13.3.1/thumb/v6-m/nofp\libg.a(libc_a-lcltime_r.o) (_tzset_unlocked)
C:/Users/User/.pico-sdk/toolchain/13_3_Rel1/bin/../lib/gcc/arm-none-eabi/13.3.1/thumb/v6-m/nofp\libg.a(libc_a-tzset_r.o)
                              C:/Users/User/.pico-sdk/toolchain/13_3_Rel1/bin/../lib/gcc/arm-none-eabi/13.3.1/thumb/v6-m/nofp\libg.a(libc_a-tzset.o) (_tzset_unlocked_r)
C:/Users/User/.pico-sdk/toolchain/13_3_Rel1/bin/../lib/gcc/arm-none-eabi/13.3.1/thumb/v6-m/nofp\libg.a(libc_a-tzvars.o)
[...]
Memory Configuration

Name             Origin             Length             Attributes
FLASH            0x10000000         0x00200000         xr
RAM              0x20000000         0x00040000         xrw
SCRATCH_X        0x20040000         0x00001000         xrw
SCRATCH_Y        0x20041000         0x00001000         xrw
*default*        0x00000000         0xffffffff

Linker script and memory map

LOAD C:/Users/User/.pico-sdk/toolchain/13_3_Rel1/bin/../lib/gcc/arm-none-eabi/13.3.1/thumb/v6-m/nofp/crti.o
LOAD C:/Users/User/.pico-sdk/toolchain/13_3_Rel1/bin/../lib/gcc/arm-none-eabi/13.3.1/thumb/v6-m/nofp/crtbegin.o
LOAD C:/Users/User/.pico-sdk/toolchain/13_3_Rel1/bin/../lib/gcc/arm-none-eabi/13.3.1/thumb/v6-m/nofp/crt0.o

.flash_begin    0x10000000        0x0
                0x10000000                        __flash_binary_start = .

.boot2          0x10000000      0x100
                0x10000000                        __boot2_start__ = .
 *(.boot2)
 .boot2         0x10000000      0x100 pico-sdk/src/rp2040/boot_stage2/CMakeFiles/bs2_default_library.dir/./bs2_default_padded_checksummed.S.obj
                0x10000100                        __boot2_end__ = .
                0x00000001                        ASSERT (((__boot2_end__ - __boot2_start__) == 0x100), ERROR: Pico second stage bootloader must be 256 bytes in size)

.text           0x10000100     0x85ec
                0x10000100                        __logical_binary_start = .
 *(.vectors)
 .vectors       0x10000100       0xd4 CMakeFiles/DisplayC.dir/C_/Users/User/.pico-sdk/sdk/2.1.0/src/rp2_common/pico_crt0/crt0.S.obj
                0x10000100                __VECTOR_TABLE
                0x10000100                __vectors
                0x100001c0                isr_invalid
                0x100001c0                __default_isrs_start
                0x100001c2                isr_nmi
                0x100001c4                isr_hardfault
                0x100001c6                isr_svcall
                0x100001c8                isr_pendsv
                0x100001ca                isr_systick
                0x100001cc                isr_irq23
                0x100001cc                isr_irq18
                0x100001cc                isr_irq11
                0x100001cc                isr_irq28
                0x100001cc                isr_irq19
                0x100001cc                isr_irq0
                0x100001cc                isr_irq6
                0x100001cc                isr_irq5
                0x100001cc                isr_irq12
                0x100001cc                isr_irq22
                0x100001cc                isr_irq31
                0x100001cc                isr_irq17
                0x100001cc                isr_irq27
                0x100001cc                isr_irq30
                0x100001cc                isr_irq2
                0x100001cc                isr_irq10
                0x100001cc                isr_irq8
                0x100001cc                isr_irq24
                0x100001cc                isr_irq1
                0x100001cc                isr_irq7
                0x100001cc                isr_irq21
                0x100001cc                isr_irq20
                0x100001cc                isr_irq15
                0x100001cc                isr_irq25
                0x100001cc                isr_irq13
                0x100001cc                __unhandled_user_irq
                0x100001cc                isr_irq4
                0x100001cc                isr_irq16
                0x100001cc                isr_irq29
                0x100001cc                isr_irq26
                0x100001cc                __default_isrs_end
                0x100001cc                isr_irq3
                0x100001cc                isr_irq14
                0x100001cc                isr_irq9
                0x100001d2                unhandled_user_irq_num_in_r0
 *(.binary_info_header)
 .binary_info_header
                0x100001d4       0x14 CMakeFiles/DisplayC.dir/C_/Users/User/.pico-sdk/sdk/2.1.0/src/rp2_common/pico_crt0/crt0.S.obj
                0x100001e8                        __binary_info_header_end = .
 *(.embedded_block)
                0x100001e8                        __embedded_block_end = .
 *(.reset)
 .reset         0x100001e8       0x9c CMakeFiles/DisplayC.dir/C_/Users/User/.pico-sdk/sdk/2.1.0/src/rp2_common/pico_crt0/crt0.S.obj
                0x100001e8                _entry_point
 *(.init)
 .init          0x10000284        0x4 C:/Users/User/.pico-sdk/toolchain/13_3_Rel1/bin/../lib/gcc/arm-none-eabi/13.3.1/thumb/v6-m/nofp/crti.o
                0x10000284                _init
 *(EXCLUDE_FILE(*libm.a: *libc.a:*lib_a-mem*.o *libgcc.a:) .text*)
 .text.register_tm_clones
                0x10000288       0x28 C:/Users/User/.pico-sdk/toolchain/13_3_Rel1/bin/../lib/gcc/arm-none-eabi/13.3.1/thumb/v6-m/nofp/crtbegin.o
 .text.frame_dummy
                0x100002b0       0x24 C:/Users/User/.pico-sdk/toolchain/13_3_Rel1/bin/../lib/gcc/arm-none-eabi/13.3.1/thumb/v6-m/nofp/crtbegin.o
 .text.adc_gpio_init
                0x100002d4       0x20 CMakeFiles/DisplayC.dir/DisplayC.c.obj
 .text.gpio_callback
                0x100002f4       0xc0 CMakeFiles/DisplayC.dir/DisplayC.c.obj
 .text.startup.main
                0x100003b4      0x40c CMakeFiles/DisplayC.dir/DisplayC.c.obj
                0x100003b4                main
 .text.ssd1306_init
                0x100007c0       0x34 CMakeFiles/DisplayC.dir/inc/ssd1306.c.obj
                0x100007c0                ssd1306_init
 .text.ssd1306_config
                0x100007f4      0x1d0 CMakeFiles/DisplayC.dir/inc/ssd1306.c.obj
                0x100007f4                ssd1306_config
 .text.ssd1306_send_data
                0x100009c4       0x8c CMakeFiles/DisplayC.dir/inc/ssd1306.c.obj
                0x100009c4                ssd1306_send_data
 .text.ssd1306_fill
                0x10000a50       0x80 CMakeFiles/DisplayC.dir/inc/ssd1306.c.obj
                0x10000a50                ssd1306_fill
 .text.ssd1306_rect
                0x10000ad0      0x28c CMakeFiles/DisplayC.dir/inc/ssd1306.c.obj
                0x10000ad0                ssd1306_rect
 .text.gpio_default_irq_handler
                0x10000d5c      0x274 CMakeFiles/DisplayC.dir/C_/Users/User/.pico-sdk/sdk/2.1.0/src/rp2_common/hardware_gpio/gpio.c.obj
 .text.gpio_set_function
                0x10000fd0       0x34 CMakeFiles/DisplayC.dir/C_/Users/User/.pico-sdk/sdk/2.1.0/src/rp2_common/hardware_gpio/gpio.c.obj
                0x10000fd0                gpio_set_function
 .text.gpio_set_pulls
                0x10001004       0x28 CMakeFiles/DisplayC.dir/C_/Users/User/.pico-sdk/sdk/2.1.0/src/rp2_common/hardware_gpio/gpio.c.obj
                0x10001004                gpio_set_pulls
 .text.gpio_set_irq_enabled
                0x1000102c       0x58 CMakeFiles/DisplayC.dir/C_/Users/User/.pico-sdk/sdk/2.1.0/src/rp2_common/hardware_gpio/gpio.c.obj
                0x1000102c                gpio_set_irq_enabled
 .text.gpio_set_irq_enabled_with_callback
                0x10001084       0xd0 CMakeFiles/DisplayC.dir/C_/Users/User/.pico-sdk/sdk/2.1.0/src/rp2_common/hardware_gpio/gpio.c.obj
                0x10001084                gpio_set_irq_enabled_with_callback
 .text.gpio_set_input_enabled
                0x10001154       0x28 CMakeFiles/DisplayC.dir/C_/Users/User/.pico-sdk/sdk/2.1.0/src/rp2_common/hardware_gpio/gpio.c.obj
                0x10001154                gpio_set_input_enabled
 .text.gpio_init
                0x1000117c       0x40 CMakeFiles/DisplayC.dir/C_/Users/User/.pico-sdk/sdk/2.1.0/src/rp2_common/hardware_gpio/gpio.c.obj
                0x1000117c                gpio_init
 .text.rp2040_chip_version
                0x100011bc        0xc CMakeFiles/DisplayC.dir/C_/Users/User/.pico-sdk/sdk/2.1.0/src/rp2040/pico_platform/platform.c.obj
                0x100011bc                rp2040_chip_version
 .text.panic    0x100011c8       0x30 CMakeFiles/DisplayC.dir/C_/Users/User/.pico-sdk/sdk/2.1.0/src/rp2_common/pico_platform_panic/panic.c.obj
                0x100011c8                panic
 .text.hw_claim_lock
                0x100011f8       0x18 CMakeFiles/DisplayC.dir/C_/Users/User/.pico-sdk/sdk/2.1.0/src/common/hardware_claim/claim.c.obj
                0x100011f8                hw_claim_lock
 .text.hw_claim_unlock
                0x10001210       0x14 CMakeFiles/DisplayC.dir/C_/Users/User/.pico-sdk/sdk/2.1.0/src/common/hardware_claim/claim.c.obj
                0x10001210                hw_claim_unlock
 .text.hw_claim_or_assert
                0x10001224       0x44 CMakeFiles/DisplayC.dir/C_/Users/User/.pico-sdk/sdk/2.1.0/src/common/hardware_claim/claim.c.obj
                0x10001224                hw_claim_or_assert
 .text.hw_claim_unused_from_range
                0x10001268       0x9c CMakeFiles/DisplayC.dir/C_/Users/User/.pico-sdk/sdk/2.1.0/src/common/hardware_claim/claim.c.obj
                0x10001268                hw_claim_unused_from_range
 .text.next_striped_spin_lock_num
                0x10001304       0x18 CMakeFiles/DisplayC.dir/C_/Users/User/.pico-sdk/sdk/2.1.0/src/rp2_common/hardware_sync/sync.c.obj
                0x10001304                next_striped_spin_lock_num
 .text.spin_lock_claim_unused
                0x1000131c       0x24 CMakeFiles/DisplayC.dir/C_/Users/User/.pico-sdk/sdk/2.1.0/src/rp2_common/hardware_sync/sync.c.obj
                0x1000131c                spin_lock_claim_unused
 .text.spin_locks_reset
                0x10001340       0x1c CMakeFiles/DisplayC.dir/C_/Users/User/.pico-sdk/sdk/2.1.0/src/rp2_common/hardware_sync_spin_lock/sync_spin_lock.c.obj
                0x10001340                spin_locks_reset
 .text.runtime_init_per_core_irq_priorities
                0x1000135c       0x24 CMakeFiles/DisplayC.dir/C_/Users/User/.pico-sdk/sdk/2.1.0/src/rp2_common/hardware_irq/irq.c.obj
                0x1000135c                runtime_init_per_core_irq_priorities
 .text.irq_set_enabled
                0x10001380       0x24 CMakeFiles/DisplayC.dir/C_/Users/User/.pico-sdk/sdk/2.1.0/src/rp2_common/hardware_irq/irq.c.obj
                0x10001380                irq_set_enabled
 .text.irq_is_enabled
                0x100013a4       0x18 CMakeFiles/DisplayC.dir/C_/Users/User/.pico-sdk/sdk/2.1.0/src/rp2_common/hardware_irq/irq.c.obj
                0x100013a4                irq_is_enabled
 .text.irq_set_pending
                0x100013bc       0x10 CMakeFiles/DisplayC.dir/C_/Users/User/.pico-sdk/sdk/2.1.0/src/rp2_common/hardware_irq/irq.c.obj
                0x100013bc                irq_set_pending
 .text.irq_has_shared_handler
                0x100013cc       0x2c CMakeFiles/DisplayC.dir/C_/Users/User/.pico-sdk/sdk/2.1.0/src/rp2_common/hardware_irq/irq.c.obj
                0x100013cc                irq_has_shared_handler
 .text.irq_set_exclusive_handler
                0x100013f8       0x54 CMakeFiles/DisplayC.dir/C_/Users/User/.pico-sdk/sdk/2.1.0/src/rp2_common/hardware_irq/irq.c.obj
                0x100013f8                irq_set_exclusive_handler
 .text.irq_add_shared_handler
                0x1000144c      0x1f4 CMakeFiles/DisplayC.dir/C_/Users/User/.pico-sdk/sdk/2.1.0/src/rp2_common/hardware_irq/irq.c.obj
                0x1000144c                irq_add_shared_handler
 .text.irq_remove_handler
                0x10001640      0x1d4 CMakeFiles/DisplayC.dir/C_/Users/User/.pico-sdk/sdk/2.1.0/src/rp2_common/hardware_irq/irq.c.obj
                0x10001640                irq_remove_handler
 .text.irq_add_tail_to_free_list
                0x10001814       0xb4 CMakeFiles/DisplayC.dir/C_/Users/User/.pico-sdk/sdk/2.1.0/src/rp2_common/hardware_irq/irq.c.obj
                0x10001814                irq_add_tail_to_free_list
 .text.user_irq_claim_unused
                0x100018c8       0x2c CMakeFiles/DisplayC.dir/C_/Users/User/.pico-sdk/sdk/2.1.0/src/rp2_common/hardware_irq/irq.c.obj
                0x100018c8                user_irq_claim_unused
 .text.lock_init
                0x100018f4       0x10 CMakeFiles/DisplayC.dir/C_/Users/User/.pico-sdk/sdk/2.1.0/src/common/pico_sync/lock_core.c.obj
                0x100018f4                lock_init
 .text.runtime_init_mutex
                0x10001904       0x50 CMakeFiles/DisplayC.dir/C_/Users/User/.pico-sdk/sdk/2.1.0/src/common/pico_sync/mutex.c.obj
                0x10001904                runtime_init_mutex
 .text.mutex_init
                0x10001954       0x1c CMakeFiles/DisplayC.dir/C_/Users/User/.pico-sdk/sdk/2.1.0/src/common/pico_sync/mutex.c.obj
                0x10001954                mutex_init
 .text.critical_section_init
                0x10001970       0x1c CMakeFiles/DisplayC.dir/C_/Users/User/.pico-sdk/sdk/2.1.0/src/common/pico_sync/critical_section.c.obj
                0x10001970                critical_section_init
 .text.critical_section_init_with_lock_num
                0x1000198c       0x14 CMakeFiles/DisplayC.dir/C_/Users/User/.pico-sdk/sdk/2.1.0/src/common/pico_sync/critical_section.c.obj
                0x1000198c                critical_section_init_with_lock_num
 .text.sleep_until_callback
                0x100019a0       0x30 CMakeFiles/DisplayC.dir/C_/Users/User/.pico-sdk/sdk/2.1.0/src/common/pico_time/time.c.obj
 .text.alarm_pool_irq_handler
                0x100019d0      0x2fc CMakeFiles/DisplayC.dir/C_/Users/User/.pico-sdk/sdk/2.1.0/src/common/pico_time/time.c.obj
 .text.runtime_init_default_alarm_pool
                0x10001ccc       0xdc CMakeFiles/DisplayC.dir/C_/Users/User/.pico-sdk/sdk/2.1.0/src/common/pico_time/time.c.obj
                0x10001ccc                runtime_init_default_alarm_pool
 .text.alarm_pool_get_default
                0x10001da8        0x8 CMakeFiles/DisplayC.dir/C_/Users/User/.pico-sdk/sdk/2.1.0/src/common/pico_time/time.c.obj
                0x10001da8                alarm_pool_get_default
 .text.alarm_pool_add_alarm_at
                0x10001db0       0xd4 CMakeFiles/DisplayC.dir/C_/Users/User/.pico-sdk/sdk/2.1.0/src/common/pico_time/time.c.obj
                0x10001db0                alarm_pool_add_alarm_at
 .text.alarm_pool_add_alarm_at_force_in_context
                0x10001e84       0xb0 CMakeFiles/DisplayC.dir/C_/Users/User/.pico-sdk/sdk/2.1.0/src/common/pico_time/time.c.obj
                0x10001e84                alarm_pool_add_alarm_at_force_in_context
 .text.alarm_pool_cancel_alarm
                0x10001f34       0x74 CMakeFiles/DisplayC.dir/C_/Users/User/.pico-sdk/sdk/2.1.0/src/common/pico_time/time.c.obj
                0x10001f34                alarm_pool_cancel_alarm
 .text.alarm_pool_core_num
                0x10001fa8        0x4 CMakeFiles/DisplayC.dir/C_/Users/User/.pico-sdk/sdk/2.1.0/src/common/pico_time/time.c.obj
                0x10001fa8                alarm_pool_core_num
 .text.sleep_until
                0x10001fac       0xd8 CMakeFiles/DisplayC.dir/C_/Users/User/.pico-sdk/sdk/2.1.0/src/common/pico_time/time.c.obj
                0x10001fac                sleep_until
 .text.sleep_ms
                0x10002084       0x38 CMakeFiles/DisplayC.dir/C_/Users/User/.pico-sdk/sdk/2.1.0/src/common/pico_time/time.c.obj
                0x10002084                sleep_ms
 .text.best_effort_wfe_or_timeout
                0x100020bc       0xe0 CMakeFiles/DisplayC.dir/C_/Users/User/.pico-sdk/sdk/2.1.0/src/common/pico_time/time.c.obj
                0x100020bc                best_effort_wfe_or_timeout
 .text.timer_hardware_alarm_claim
                0x1000219c       0x14 CMakeFiles/DisplayC.dir/C_/Users/User/.pico-sdk/sdk/2.1.0/src/rp2_common/hardware_timer/timer.c.obj
                0x1000219c                timer_hardware_alarm_claim
 .text.timer_time_us_64
                0x100021b0       0x10 CMakeFiles/DisplayC.dir/C_/Users/User/.pico-sdk/sdk/2.1.0/src/rp2_common/hardware_timer/timer.c.obj
                0x100021b0                timer_time_us_64
 .text.time_us_64
                0x100021c0       0x14 CMakeFiles/DisplayC.dir/C_/Users/User/.pico-sdk/sdk/2.1.0/src/rp2_common/hardware_timer/timer.c.obj
                0x100021c0                time_us_64
 .text.busy_wait_until
                0x100021d4       0x20 CMakeFiles/DisplayC.dir/C_/Users/User/.pico-sdk/sdk/2.1.0/src/rp2_common/hardware_timer/timer.c.obj
                0x100021d4                busy_wait_until
 .text.clock_configure_int_divider
                0x100021f4       0xf4 CMakeFiles/DisplayC.dir/C_/Users/User/.pico-sdk/sdk/2.1.0/src/rp2_common/hardware_clocks/clocks.c.obj
                0x100021f4                clock_configure_int_divider
 .text.clock_configure_undivided
                0x100022e8       0xe8 CMakeFiles/DisplayC.dir/C_/Users/User/.pico-sdk/sdk/2.1.0/src/rp2_common/hardware_clocks/clocks.c.obj
                0x100022e8                clock_configure_undivided
 .text.clock_get_hz
                0x100023d0        0xc CMakeFiles/DisplayC.dir/C_/Users/User/.pico-sdk/sdk/2.1.0/src/rp2_common/hardware_clocks/clocks.c.obj
                0x100023d0                clock_get_hz
 .text.pll_init
                0x100023dc       0xa4 CMakeFiles/DisplayC.dir/C_/Users/User/.pico-sdk/sdk/2.1.0/src/rp2_common/hardware_pll/pll.c.obj
                0x100023dc                pll_init
 .text.watchdog_reboot
                0x10002480       0x9c CMakeFiles/DisplayC.dir/C_/Users/User/.pico-sdk/sdk/2.1.0/src/rp2_common/hardware_watchdog/watchdog.c.obj
                0x10002480                watchdog_reboot
 .text.tick_start
                0x1000251c       0x10 CMakeFiles/DisplayC.dir/C_/Users/User/.pico-sdk/sdk/2.1.0/src/rp2_common/hardware_ticks/ticks.c.obj
                0x1000251c                tick_start
 .text.rom_func_lookup
                0x1000252c       0x10 CMakeFiles/DisplayC.dir/C_/Users/User/.pico-sdk/sdk/2.1.0/src/rp2_common/pico_bootrom/bootrom.c.obj
                0x1000252c                rom_func_lookup
 .text.rom_data_lookup
                0x1000253c       0x10 CMakeFiles/DisplayC.dir/C_/Users/User/.pico-sdk/sdk/2.1.0/src/rp2_common/pico_bootrom/bootrom.c.obj
                0x1000253c                rom_data_lookup
 .text.rom_funcs_lookup
                0x1000254c       0x44 CMakeFiles/DisplayC.dir/C_/Users/User/.pico-sdk/sdk/2.1.0/src/rp2_common/pico_bootrom/bootrom.c.obj
                0x1000254c                rom_funcs_lookup
 .text.rom_reset_usb_boot_extra
                0x10002590       0x28 CMakeFiles/DisplayC.dir/C_/Users/User/.pico-sdk/sdk/2.1.0/src/rp2_common/pico_bootrom/bootrom.c.obj
                0x10002590                rom_reset_usb_boot_extra
 .text.xosc_init
                0x100025b8       0x28 CMakeFiles/DisplayC.dir/C_/Users/User/.pico-sdk/sdk/2.1.0/src/rp2_common/hardware_xosc/xosc.c.obj
                0x100025b8                xosc_init
 .text.first_per_core_initializer
                0x100025e0        0x4 CMakeFiles/DisplayC.dir/C_/Users/User/.pico-sdk/sdk/2.1.0/src/rp2_common/pico_runtime/runtime.c.obj
 .text.hard_assertion_failure
                0x100025e4        0xc CMakeFiles/DisplayC.dir/C_/Users/User/.pico-sdk/sdk/2.1.0/src/rp2_common/pico_runtime/runtime.c.obj
                0x100025e4                hard_assertion_failure
 .text.runtime_run_initializers
                0x100025f0       0x28 CMakeFiles/DisplayC.dir/C_/Users/User/.pico-sdk/sdk/2.1.0/src/rp2_common/pico_runtime/runtime.c.obj
                0x100025f0                runtime_run_initializers
 .text.runtime_init_early_resets
                0x10002618       0x2c CMakeFiles/DisplayC.dir/C_/Users/User/.pico-sdk/sdk/2.1.0/src/rp2_common/pico_runtime_init/runtime_init.c.obj
                0x10002618                runtime_init_early_resets
 .text.runtime_init_usb_power_down
                0x10002644       0x1c CMakeFiles/DisplayC.dir/C_/Users/User/.pico-sdk/sdk/2.1.0/src/rp2_common/pico_runtime_init/runtime_init.c.obj
                0x10002644                runtime_init_usb_power_down
 .text.runtime_init_post_clock_resets
                0x10002660       0x20 CMakeFiles/DisplayC.dir/C_/Users/User/.pico-sdk/sdk/2.1.0/src/rp2_common/pico_runtime_init/runtime_init.c.obj
                0x10002660                runtime_init_post_clock_resets
 .text.runtime_init_rp2040_gpio_ie_disable
                0x10002680       0x14 CMakeFiles/DisplayC.dir/C_/Users/User/.pico-sdk/sdk/2.1.0/src/rp2_common/pico_runtime_init/runtime_init.c.obj
                0x10002680                runtime_init_rp2040_gpio_ie_disable
 .text.runtime_init_spin_locks_reset
                0x10002694        0x8 CMakeFiles/DisplayC.dir/C_/Users/User/.pico-sdk/sdk/2.1.0/src/rp2_common/pico_runtime_init/runtime_init.c.obj
                0x10002694                runtime_init_spin_locks_reset
 .text.runtime_init_install_ram_vector_table
                0x1000269c       0x1c CMakeFiles/DisplayC.dir/C_/Users/User/.pico-sdk/sdk/2.1.0/src/rp2_common/pico_runtime_init/runtime_init.c.obj
                0x1000269c                runtime_init_install_ram_vector_table
 .text.runtime_init_clocks
                0x100026b8       0xd8 CMakeFiles/DisplayC.dir/C_/Users/User/.pico-sdk/sdk/2.1.0/src/rp2_common/pico_runtime_init/runtime_init_clocks.c.obj
                0x100026b8                runtime_init_clocks
 .text          0x10002790       0x10 CMakeFiles/DisplayC.dir/C_/Users/User/.pico-sdk/sdk/2.1.0/src/rp2_common/pico_bit_ops/bit_ops_aeabi.S.obj
 .text.__wrap___aeabi_idiv
                0x100027a0       0x50 CMakeFiles/DisplayC.dir/C_/Users/User/.pico-sdk/sdk/2.1.0/src/rp2_common/pico_divider/divider_hardware.S.obj
                0x100027a0                __wrap___aeabi_idivmod
                0x100027a0                divmod_s32s32
                0x100027a0                div_s32s32
                0x100027a0                __wrap___aeabi_idiv
                0x100027a8                divmod_s32s32_unsafe
                0x100027d4                divmod_s32s32_savestate
 .text.__wrap___aeabi_uidiv
                0x100027f0       0x4c CMakeFiles/DisplayC.dir/C_/Users/User/.pico-sdk/sdk/2.1.0/src/rp2_common/pico_divider/divider_hardware.S.obj
                0x100027f0                __wrap___aeabi_uidiv
                0x100027f0                __wrap___aeabi_uidivmod
                0x100027f0                div_u32u32
                0x100027f0                divmod_u32u32
                0x100027f8                divmod_u32u32_unsafe
                0x10002820                divmod_u32u32_savestate
 .text.__wrap___aeabi_ldiv
                0x1000283c      0x424 CMakeFiles/DisplayC.dir/C_/Users/User/.pico-sdk/sdk/2.1.0/src/rp2_common/pico_divider/divider_hardware.S.obj
                0x1000283c                div_s64s64
                0x1000283c                divmod_s64s64
                0x1000283c                __wrap___aeabi_ldivmod
                0x1000286c                divmod_u64u64
                0x1000286c                div_u64u64
                0x1000286c                __wrap___aeabi_uldivmod
                0x1000287c                divmod_u64u64_savestate
                0x1000289c                divmod_s64s64_unsafe
                0x10002924                divmod_u64u64_unsafe
 .text.__wrap___aeabi_darithmetic
                0x10002c60       0x80 CMakeFiles/DisplayC.dir/C_/Users/User/.pico-sdk/sdk/2.1.0/src/rp2_common/pico_double/double_aeabi_rp2040.S.obj
                0x10002c60                __wrap___aeabi_drsub
                0x10002c66                __wrap___aeabi_dsub
                0x10002c78                __wrap___aeabi_dadd
                0x10002c8a                __wrap___aeabi_ddiv
                0x10002cc6                __wrap___aeabi_dmul
 .text.__wrap___aeabi_cdcmple
                0x10002ce0       0x6c CMakeFiles/DisplayC.dir/C_/Users/User/.pico-sdk/sdk/2.1.0/src/rp2_common/pico_double/double_aeabi_rp2040.S.obj
                0x10002ce0                __wrap___aeabi_cdrcmple
                0x10002cf0                __wrap___aeabi_cdcmpeq
                0x10002cf0                __wrap___aeabi_cdcmple
 .text.__wrap___aeabi_dcmplt
                0x10002d4c        0xc CMakeFiles/DisplayC.dir/C_/Users/User/.pico-sdk/sdk/2.1.0/src/rp2_common/pico_double/double_aeabi_rp2040.S.obj
                0x10002d4c                __wrap___aeabi_dcmplt
 .text.__wrap___aeabi_dcmpge
                0x10002d58       0x10 CMakeFiles/DisplayC.dir/C_/Users/User/.pico-sdk/sdk/2.1.0/src/rp2_common/pico_double/double_aeabi_rp2040.S.obj
                0x10002d58                __wrap___aeabi_dcmpge
 .text.__wrap___aeabi_dcmpgt
                0x10002d68        0xa CMakeFiles/DisplayC.dir/C_/Users/User/.pico-sdk/sdk/2.1.0/src/rp2_common/pico_double/double_aeabi_rp2040.S.obj
                0x10002d68                __wrap___aeabi_dcmpgt
 .text.__wrap___aeabi_dcmpun
                0x10002d72       0x18 CMakeFiles/DisplayC.dir/C_/Users/User/.pico-sdk/sdk/2.1.0/src/rp2_common/pico_double/double_aeabi_rp2040.S.obj
                0x10002d72                __wrap___aeabi_dcmpun
 *fill*         0x10002d8a        0x2 
 .text.__wrap___aeabi_i2d
                0x10002d8c       0x38 CMakeFiles/DisplayC.dir/C_/Users/User/.pico-sdk/sdk/2.1.0/src/rp2_common/pico_double/double_aeabi_rp2040.S.obj
                0x10002d8c                __wrap___aeabi_ui2d
                0x10002d94                __wrap___aeabi_i2d
 .text.__wrap___aeabi_d2iz
                0x10002dc4       0x48 CMakeFiles/DisplayC.dir/C_/Users/User/.pico-sdk/sdk/2.1.0/src/rp2_common/pico_double/double_aeabi_rp2040.S.obj
                0x10002dc4                double2int_z
                0x10002dc4                __wrap___aeabi_d2iz
 .text.__wrap___aeabi_d2uiz
                0x10002e0c       0x18 CMakeFiles/DisplayC.dir/C_/Users/User/.pico-sdk/sdk/2.1.0/src/rp2_common/pico_double/double_aeabi_rp2040.S.obj
                0x10002e0c                __wrap___aeabi_d2uiz
                0x10002e0c                double2uint
 .text.__aeabi_double_init
                0x10002e24       0xa4 CMakeFiles/DisplayC.dir/C_/Users/User/.pico-sdk/sdk/2.1.0/src/rp2_common/pico_double/double_init_rom_rp2040.c.obj
                0x10002e24                __aeabi_double_init
 .text.double_table_shim_on_use_helper
                0x10002ec8       0x2c CMakeFiles/DisplayC.dir/C_/Users/User/.pico-sdk/sdk/2.1.0/src/rp2_common/pico_double/double_v1_rom_shim_rp2040.S.obj
                0x10002ec8                double_table_shim_on_use_helper
 .text.__wrap___aeabi_dsub
                0x10002ef4       0x10 CMakeFiles/DisplayC.dir/C_/Users/User/.pico-sdk/sdk/2.1.0/src/rp2_common/pico_double/double_v1_rom_shim_rp2040.S.obj
                0x10002ef4                drsub_shim
                0x10002efa                dsub_shim
 .text.dadd_shim
                0x10002f04      0x15c CMakeFiles/DisplayC.dir/C_/Users/User/.pico-sdk/sdk/2.1.0/src/rp2_common/pico_double/double_v1_rom_shim_rp2040.S.obj
                0x10002f04                dadd_shim
 .text.dmul_shim
                0x10003060      0x15c CMakeFiles/DisplayC.dir/C_/Users/User/.pico-sdk/sdk/2.1.0/src/rp2_common/pico_double/double_v1_rom_shim_rp2040.S.obj
                0x10003060                dmul_shim
 .text.ddiv_shim
                0x100031bc      0x1b0 CMakeFiles/DisplayC.dir/C_/Users/User/.pico-sdk/sdk/2.1.0/src/rp2_common/pico_double/double_v1_rom_shim_rp2040.S.obj
                0x100031bc                ddiv_shim
 .text.double2uint_shim
                0x1000336c        0xe CMakeFiles/DisplayC.dir/C_/Users/User/.pico-sdk/sdk/2.1.0/src/rp2_common/pico_double/double_v1_rom_shim_rp2040.S.obj
                0x1000336c                double2uint_shim
                0x1000336e                double2ufix_shim
 *fill*         0x1000337a        0x2 
 .text.double2uint64_shim
                0x1000337c       0x70 CMakeFiles/DisplayC.dir/C_/Users/User/.pico-sdk/sdk/2.1.0/src/rp2_common/pico_double/double_v1_rom_shim_rp2040.S.obj
                0x1000337c                double2uint64_shim
                0x1000337e                double2ufix64_shim
                0x1000339e                d2fix_a
 .text.dunpacks
                0x100033ec       0x3c CMakeFiles/DisplayC.dir/C_/Users/User/.pico-sdk/sdk/2.1.0/src/rp2_common/pico_double/double_v1_rom_shim_rp2040.S.obj
                0x100033ec                dunpacks
 .text.__aeabi_lmul
                0x10003428       0x32 CMakeFiles/DisplayC.dir/C_/Users/User/.pico-sdk/sdk/2.1.0/src/rp2_common/pico_int64_ops/pico_int64_ops_aeabi.S.obj
                0x10003428                __wrap___aeabi_lmul
 *fill*         0x1000345a        0x2 
 .text.__aeabi_float_init
                0x1000345c       0x64 CMakeFiles/DisplayC.dir/C_/Users/User/.pico-sdk/sdk/2.1.0/src/rp2_common/pico_float/float_init_rom_rp2040.c.obj
                0x1000345c                __aeabi_float_init
 .text.float_table_shim_on_use_helper
                0x100034c0       0x2c CMakeFiles/DisplayC.dir/C_/Users/User/.pico-sdk/sdk/2.1.0/src/rp2_common/pico_float/float_v1_rom_shim_rp2040.S.obj
                0x100034c0                float_table_shim_on_use_helper
 .text.__wrap_calloc
                0x100034ec       0x28 CMakeFiles/DisplayC.dir/C_/Users/User/.pico-sdk/sdk/2.1.0/src/rp2_common/pico_malloc/malloc.c.obj
                0x100034ec                __wrap_calloc
 .text          0x10003514       0x10 CMakeFiles/DisplayC.dir/C_/Users/User/.pico-sdk/sdk/2.1.0/src/rp2_common/pico_mem_ops/mem_ops_aeabi.S.obj
                0x10003514                __aeabi_mem_init
 .text.memset   0x10003524        0xc CMakeFiles/DisplayC.dir/C_/Users/User/.pico-sdk/sdk/2.1.0/src/rp2_common/pico_mem_ops/mem_ops_aeabi.S.obj
                0x10003524                __wrap_memset
 .text.memcpy   0x10003530        0xc CMakeFiles/DisplayC.dir/C_/Users/User/.pico-sdk/sdk/2.1.0/src/rp2_common/pico_mem_ops/mem_ops_aeabi.S.obj
                0x10003530                __wrap_memcpy
                0x10003530                __wrap___aeabi_memcpy
 .text._out_null
                0x1000353c        0x4 CMakeFiles/DisplayC.dir/C_/Users/User/.pico-sdk/sdk/2.1.0/src/rp2_common/pico_printf/printf.c.obj
 .text._out_rev
                0x10003540       0xac CMakeFiles/DisplayC.dir/C_/Users/User/.pico-sdk/sdk/2.1.0/src/rp2_common/pico_printf/printf.c.obj
 .text._ntoa_format
                0x100035ec      0x250 CMakeFiles/DisplayC.dir/C_/Users/User/.pico-sdk/sdk/2.1.0/src/rp2_common/pico_printf/printf.c.obj
 .text._out_char
                0x1000383c       0x10 CMakeFiles/DisplayC.dir/C_/Users/User/.pico-sdk/sdk/2.1.0/src/rp2_common/pico_printf/printf.c.obj
 .text._out_fct
                0x1000384c       0x10 CMakeFiles/DisplayC.dir/C_/Users/User/.pico-sdk/sdk/2.1.0/src/rp2_common/pico_printf/printf.c.obj
 .text._etoa    0x1000385c      0x464 CMakeFiles/DisplayC.dir/C_/Users/User/.pico-sdk/sdk/2.1.0/src/rp2_common/pico_printf/printf.c.obj
 .text._ftoa    0x10003cc0      0x3c0 CMakeFiles/DisplayC.dir/C_/Users/User/.pico-sdk/sdk/2.1.0/src/rp2_common/pico_printf/printf.c.obj
 .text._vsnprintf
                0x10004080      0xbc8 CMakeFiles/DisplayC.dir/C_/Users/User/.pico-sdk/sdk/2.1.0/src/rp2_common/pico_printf/printf.c.obj
 .text.vfctprintf
                0x10004c48       0x20 CMakeFiles/DisplayC.dir/C_/Users/User/.pico-sdk/sdk/2.1.0/src/rp2_common/pico_printf/printf.c.obj
                0x10004c48                vfctprintf
 .text.weak_raw_vprintf
                0x10004c68       0x30 CMakeFiles/DisplayC.dir/C_/Users/User/.pico-sdk/sdk/2.1.0/src/rp2_common/pico_printf/printf.c.obj
                0x10004c68                weak_raw_vprintf
 .text._exit    0x10004c98        0x4 CMakeFiles/DisplayC.dir/C_/Users/User/.pico-sdk/sdk/2.1.0/src/rp2_common/pico_clib_interface/newlib_interface.c.obj
                0x10004c98                _exit
 .text._sbrk    0x10004c9c       0x34 CMakeFiles/DisplayC.dir/C_/Users/User/.pico-sdk/sdk/2.1.0/src/rp2_common/pico_clib_interface/newlib_interface.c.obj
                0x10004c9c                _sbrk
 .text.exit     0x10004cd0        0x8 CMakeFiles/DisplayC.dir/C_/Users/User/.pico-sdk/sdk/2.1.0/src/rp2_common/pico_clib_interface/newlib_interface.c.obj
                0x10004cd0                exit
 .text.runtime_init
                0x10004cd8       0x2c CMakeFiles/DisplayC.dir/C_/Users/User/.pico-sdk/sdk/2.1.0/src/rp2_common/pico_clib_interface/newlib_interface.c.obj
                0x10004cd8                runtime_init
 .text.stdio_out_chars_no_crlf
                0x10004d04       0x10 CMakeFiles/DisplayC.dir/C_/Users/User/.pico-sdk/sdk/2.1.0/src/rp2_common/pico_stdio/stdio.c.obj
 .text.stdio_out_chars_crlf
                0x10004d14       0x94 CMakeFiles/DisplayC.dir/C_/Users/User/.pico-sdk/sdk/2.1.0/src/rp2_common/pico_stdio/stdio.c.obj
 .text.stdio_buffered_printer
                0x10004da8       0x64 CMakeFiles/DisplayC.dir/C_/Users/User/.pico-sdk/sdk/2.1.0/src/rp2_common/pico_stdio/stdio.c.obj
 .text.stdio_put_string
                0x10004e0c      0x100 CMakeFiles/DisplayC.dir/C_/Users/User/.pico-sdk/sdk/2.1.0/src/rp2_common/pico_stdio/stdio.c.obj
                0x10004e0c                stdio_put_string
 .text.stdio_set_driver_enabled
                0x10004f0c       0x30 CMakeFiles/DisplayC.dir/C_/Users/User/.pico-sdk/sdk/2.1.0/src/rp2_common/pico_stdio/stdio.c.obj
                0x10004f0c                stdio_set_driver_enabled
 .text.stdio_init_all
                0x10004f3c        0x8 CMakeFiles/DisplayC.dir/C_/Users/User/.pico-sdk/sdk/2.1.0/src/rp2_common/pico_stdio/stdio.c.obj
                0x10004f3c                stdio_init_all
 .text.__wrap_putchar
                0x10004f44       0x98 CMakeFiles/DisplayC.dir/C_/Users/User/.pico-sdk/sdk/2.1.0/src/rp2_common/pico_stdio/stdio.c.obj
                0x10004f44                __wrap_putchar
                0x10004f44                stdio_putchar
 .text.__wrap_puts
                0x10004fdc       0x3c CMakeFiles/DisplayC.dir/C_/Users/User/.pico-sdk/sdk/2.1.0/src/rp2_common/pico_stdio/stdio.c.obj
                0x10004fdc                stdio_puts
                0x10004fdc                __wrap_puts
 .text.__wrap_vprintf
                0x10005018       0xd4 CMakeFiles/DisplayC.dir/C_/Users/User/.pico-sdk/sdk/2.1.0/src/rp2_common/pico_stdio/stdio.c.obj
                0x10005018                stdio_vprintf
                0x10005018                __wrap_vprintf
 .text.__wrap_printf
                0x100050ec       0x18 CMakeFiles/DisplayC.dir/C_/Users/User/.pico-sdk/sdk/2.1.0/src/rp2_common/pico_stdio/stdio.c.obj
                0x100050ec                __wrap_printf
                0x100050ec                stdio_printf
 .text.resetd_init
                0x10005104        0x4 CMakeFiles/DisplayC.dir/C_/Users/User/.pico-sdk/sdk/2.1.0/src/rp2_common/pico_stdio_usb/reset_interface.c.obj
 .text.resetd_reset
                0x10005108        0xc CMakeFiles/DisplayC.dir/C_/Users/User/.pico-sdk/sdk/2.1.0/src/rp2_common/pico_stdio_usb/reset_interface.c.obj
 .text.resetd_open
                0x10005114       0x28 CMakeFiles/DisplayC.dir/C_/Users/User/.pico-sdk/sdk/2.1.0/src/rp2_common/pico_stdio_usb/reset_interface.c.obj
 .text.resetd_xfer_cb
                0x1000513c        0x4 CMakeFiles/DisplayC.dir/C_/Users/User/.pico-sdk/sdk/2.1.0/src/rp2_common/pico_stdio_usb/reset_interface.c.obj
 .text.resetd_control_xfer_cb
                0x10005140       0x5c CMakeFiles/DisplayC.dir/C_/Users/User/.pico-sdk/sdk/2.1.0/src/rp2_common/pico_stdio_usb/reset_interface.c.obj
 .text.tud_descriptor_bos_cb
                0x1000519c        0x8 CMakeFiles/DisplayC.dir/C_/Users/User/.pico-sdk/sdk/2.1.0/src/rp2_common/pico_stdio_usb/reset_interface.c.obj
                0x1000519c                tud_descriptor_bos_cb
 .text.tud_vendor_control_xfer_cb
                0x100051a4       0x34 CMakeFiles/DisplayC.dir/C_/Users/User/.pico-sdk/sdk/2.1.0/src/rp2_common/pico_stdio_usb/reset_interface.c.obj
                0x100051a4                tud_vendor_control_xfer_cb
 .text.usbd_app_driver_get_cb
                0x100051d8        0xc CMakeFiles/DisplayC.dir/C_/Users/User/.pico-sdk/sdk/2.1.0/src/rp2_common/pico_stdio_usb/reset_interface.c.obj
                0x100051d8                usbd_app_driver_get_cb
 .text.tud_cdc_line_coding_cb
                0x100051e4       0x2c CMakeFiles/DisplayC.dir/C_/Users/User/.pico-sdk/sdk/2.1.0/src/rp2_common/pico_stdio_usb/reset_interface.c.obj
                0x100051e4                tud_cdc_line_coding_cb
 .text.stdio_usb_set_chars_available_callback
                0x10005210       0x14 CMakeFiles/DisplayC.dir/C_/Users/User/.pico-sdk/sdk/2.1.0/src/rp2_common/pico_stdio_usb/stdio_usb.c.obj
                0x10005210                stdio_usb_set_chars_available_callback
 .text.usb_irq  0x10005224       0x10 CMakeFiles/DisplayC.dir/C_/Users/User/.pico-sdk/sdk/2.1.0/src/rp2_common/pico_stdio_usb/stdio_usb.c.obj
 .text.timer_task
                0x10005234       0x64 CMakeFiles/DisplayC.dir/C_/Users/User/.pico-sdk/sdk/2.1.0/src/rp2_common/pico_stdio_usb/stdio_usb.c.obj
 .text.stdio_usb_in_chars
                0x10005298       0x90 CMakeFiles/DisplayC.dir/C_/Users/User/.pico-sdk/sdk/2.1.0/src/rp2_common/pico_stdio_usb/stdio_usb.c.obj
                0x10005298                stdio_usb_in_chars
 .text.stdio_usb_out_flush
                0x10005328       0x50 CMakeFiles/DisplayC.dir/C_/Users/User/.pico-sdk/sdk/2.1.0/src/rp2_common/pico_stdio_usb/stdio_usb.c.obj
 .text.stdio_usb_out_chars
                0x10005378      0x104 CMakeFiles/DisplayC.dir/C_/Users/User/.pico-sdk/sdk/2.1.0/src/rp2_common/pico_stdio_usb/stdio_usb.c.obj
 .text.low_priority_worker_irq
                0x1000547c       0xcc CMakeFiles/DisplayC.dir/C_/Users/User/.pico-sdk/sdk/2.1.0/src/rp2_common/pico_stdio_usb/stdio_usb.c.obj
 .text.stdio_usb_init
                0x10005548       0xe8 CMakeFiles/DisplayC.dir/C_/Users/User/.pico-sdk/sdk/2.1.0/src/rp2_common/pico_stdio_usb/stdio_usb.c.obj
                0x10005548                stdio_usb_init
 .text.tud_descriptor_device_cb
                0x10005630        0x8 CMakeFiles/DisplayC.dir/C_/Users/User/.pico-sdk/sdk/2.1.0/src/rp2_common/pico_stdio_usb/stdio_usb_descriptors.c.obj
                0x10005630                tud_descriptor_device_cb
 .text.tud_descriptor_configuration_cb
                0x10005638        0x8 CMakeFiles/DisplayC.dir/C_/Users/User/.pico-sdk/sdk/2.1.0/src/rp2_common/pico_stdio_usb/stdio_usb_descriptors.c.obj
                0x10005638                tud_descriptor_configuration_cb
 .text.tud_descriptor_string_cb
                0x10005640       0x78 CMakeFiles/DisplayC.dir/C_/Users/User/.pico-sdk/sdk/2.1.0/src/rp2_common/pico_stdio_usb/stdio_usb_descriptors.c.obj
                0x10005640                tud_descriptor_string_cb
 .text.startup._retrieve_unique_id_on_boot
                0x100056b8       0x10 CMakeFiles/DisplayC.dir/C_/Users/User/.pico-sdk/sdk/2.1.0/src/rp2_common/pico_unique_id/unique_id.c.obj
 .text.pico_get_unique_board_id_string
                0x100056c8      0x1a8 CMakeFiles/DisplayC.dir/C_/Users/User/.pico-sdk/sdk/2.1.0/src/rp2_common/pico_unique_id/unique_id.c.obj
                0x100056c8                pico_get_unique_board_id_string
 .text.flash_get_unique_id
                0x10005870       0x3c CMakeFiles/DisplayC.dir/C_/Users/User/.pico-sdk/sdk/2.1.0/src/rp2_common/hardware_flash/flash.c.obj
                0x10005870                flash_get_unique_id
 .text.dcd_init
                0x100058ac       0x8c CMakeFiles/DisplayC.dir/C_/Users/User/.pico-sdk/sdk/2.1.0/lib/tinyusb/src/portable/raspberrypi/rp2040/dcd_rp2040.c.obj
                0x100058ac                dcd_init
 .text.dcd_int_enable
                0x10005938        0xc CMakeFiles/DisplayC.dir/C_/Users/User/.pico-sdk/sdk/2.1.0/lib/tinyusb/src/portable/raspberrypi/rp2040/dcd_rp2040.c.obj
                0x10005938                dcd_int_enable
 .text.dcd_set_address
                0x10005944       0x14 CMakeFiles/DisplayC.dir/C_/Users/User/.pico-sdk/sdk/2.1.0/lib/tinyusb/src/portable/raspberrypi/rp2040/dcd_rp2040.c.obj
                0x10005944                dcd_set_address
 .text.dcd_sof_enable
                0x10005958       0x1c CMakeFiles/DisplayC.dir/C_/Users/User/.pico-sdk/sdk/2.1.0/lib/tinyusb/src/portable/raspberrypi/rp2040/dcd_rp2040.c.obj
                0x10005958                dcd_sof_enable
 .text.dcd_edpt0_status_complete
                0x10005974       0x1c CMakeFiles/DisplayC.dir/C_/Users/User/.pico-sdk/sdk/2.1.0/lib/tinyusb/src/portable/raspberrypi/rp2040/dcd_rp2040.c.obj
                0x10005974                dcd_edpt0_status_complete
 .text.dcd_edpt_open
                0x10005990      0x108 CMakeFiles/DisplayC.dir/C_/Users/User/.pico-sdk/sdk/2.1.0/lib/tinyusb/src/portable/raspberrypi/rp2040/dcd_rp2040.c.obj
                0x10005990                dcd_edpt_open
 .text.dcd_edpt_close_all
                0x10005a98        0x8 CMakeFiles/DisplayC.dir/C_/Users/User/.pico-sdk/sdk/2.1.0/lib/tinyusb/src/portable/raspberrypi/rp2040/dcd_rp2040.c.obj
                0x10005a98                dcd_edpt_close_all
 .text.dcd_edpt_xfer
                0x10005aa0       0x24 CMakeFiles/DisplayC.dir/C_/Users/User/.pico-sdk/sdk/2.1.0/lib/tinyusb/src/portable/raspberrypi/rp2040/dcd_rp2040.c.obj
                0x10005aa0                dcd_edpt_xfer
 .text.dcd_edpt_stall
                0x10005ac4       0x34 CMakeFiles/DisplayC.dir/C_/Users/User/.pico-sdk/sdk/2.1.0/lib/tinyusb/src/portable/raspberrypi/rp2040/dcd_rp2040.c.obj
                0x10005ac4                dcd_edpt_stall
 .text.dcd_edpt_clear_stall
                0x10005af8       0x30 CMakeFiles/DisplayC.dir/C_/Users/User/.pico-sdk/sdk/2.1.0/lib/tinyusb/src/portable/raspberrypi/rp2040/dcd_rp2040.c.obj
                0x10005af8                dcd_edpt_clear_stall
 .text.rp2040_usb_init
                0x10005b28       0x40 CMakeFiles/DisplayC.dir/C_/Users/User/.pico-sdk/sdk/2.1.0/lib/tinyusb/src/portable/raspberrypi/rp2040/rp2040_usb.c.obj
                0x10005b28                rp2040_usb_init
 .text.hw_endpoint_xfer_start
                0x10005b68       0x40 CMakeFiles/DisplayC.dir/C_/Users/User/.pico-sdk/sdk/2.1.0/lib/tinyusb/src/portable/raspberrypi/rp2040/rp2040_usb.c.obj
                0x10005b68                hw_endpoint_xfer_start
 .text.tud_event_hook_cb
                0x10005ba8        0x4 CMakeFiles/DisplayC.dir/C_/Users/User/.pico-sdk/sdk/2.1.0/lib/tinyusb/src/device/usbd.c.obj
                0x10005ba8                tud_event_hook_cb
 .text.tud_sof_cb
                0x10005bac        0x4 CMakeFiles/DisplayC.dir/C_/Users/User/.pico-sdk/sdk/2.1.0/lib/tinyusb/src/device/usbd.c.obj
                0x10005bac                tud_sof_cb
 .text.tud_descriptor_device_qualifier_cb
                0x10005bb0        0x4 CMakeFiles/DisplayC.dir/C_/Users/User/.pico-sdk/sdk/2.1.0/lib/tinyusb/src/device/usbd.c.obj
                0x10005bb0                tud_descriptor_device_qualifier_cb
 .text.tud_descriptor_other_speed_configuration_cb
                0x10005bb4        0x4 CMakeFiles/DisplayC.dir/C_/Users/User/.pico-sdk/sdk/2.1.0/lib/tinyusb/src/device/usbd.c.obj
                0x10005bb4                tud_descriptor_other_speed_configuration_cb
 .text.tud_mount_cb
                0x10005bb8        0x4 CMakeFiles/DisplayC.dir/C_/Users/User/.pico-sdk/sdk/2.1.0/lib/tinyusb/src/device/usbd.c.obj
                0x10005bb8                tud_mount_cb
 .text.tud_umount_cb
                0x10005bbc        0x4 CMakeFiles/DisplayC.dir/C_/Users/User/.pico-sdk/sdk/2.1.0/lib/tinyusb/src/device/usbd.c.obj
                0x10005bbc                tud_umount_cb
 .text.tud_suspend_cb
                0x10005bc0        0x4 CMakeFiles/DisplayC.dir/C_/Users/User/.pico-sdk/sdk/2.1.0/lib/tinyusb/src/device/usbd.c.obj
                0x10005bc0                tud_suspend_cb
 .text.tud_resume_cb
                0x10005bc4        0x4 CMakeFiles/DisplayC.dir/C_/Users/User/.pico-sdk/sdk/2.1.0/lib/tinyusb/src/device/usbd.c.obj
                0x10005bc4                tud_resume_cb
 .text.tud_mounted
                0x10005bc8       0x10 CMakeFiles/DisplayC.dir/C_/Users/User/.pico-sdk/sdk/2.1.0/lib/tinyusb/src/device/usbd.c.obj
                0x10005bc8                tud_mounted
 .text.tud_suspended
                0x10005bd8       0x10 CMakeFiles/DisplayC.dir/C_/Users/User/.pico-sdk/sdk/2.1.0/lib/tinyusb/src/device/usbd.c.obj
                0x10005bd8                tud_suspended
 .text.tud_init
                0x10005be8       0xe4 CMakeFiles/DisplayC.dir/C_/Users/User/.pico-sdk/sdk/2.1.0/lib/tinyusb/src/device/usbd.c.obj
                0x10005be8                tud_init
 .text.tud_task_ext
                0x10005ccc      0x800 CMakeFiles/DisplayC.dir/C_/Users/User/.pico-sdk/sdk/2.1.0/lib/tinyusb/src/device/usbd.c.obj
                0x10005ccc                tud_task_ext
 .text.usbd_open_edpt_pair
                0x100064cc       0x9c CMakeFiles/DisplayC.dir/C_/Users/User/.pico-sdk/sdk/2.1.0/lib/tinyusb/src/device/usbd.c.obj
                0x100064cc                usbd_open_edpt_pair
 .text.usbd_edpt_open
                0x10006568       0x34 CMakeFiles/DisplayC.dir/C_/Users/User/.pico-sdk/sdk/2.1.0/lib/tinyusb/src/device/usbd.c.obj
                0x10006568                usbd_edpt_open
 .text.usbd_edpt_claim
                0x1000659c       0x28 CMakeFiles/DisplayC.dir/C_/Users/User/.pico-sdk/sdk/2.1.0/lib/tinyusb/src/device/usbd.c.obj
                0x1000659c                usbd_edpt_claim
 .text.usbd_edpt_release
                0x100065c4       0x28 CMakeFiles/DisplayC.dir/C_/Users/User/.pico-sdk/sdk/2.1.0/lib/tinyusb/src/device/usbd.c.obj
                0x100065c4                usbd_edpt_release
 .text.usbd_edpt_xfer
                0x100065ec       0x4c CMakeFiles/DisplayC.dir/C_/Users/User/.pico-sdk/sdk/2.1.0/lib/tinyusb/src/device/usbd.c.obj
                0x100065ec                usbd_edpt_xfer
 .text.tud_control_status
                0x10006638       0x2c CMakeFiles/DisplayC.dir/C_/Users/User/.pico-sdk/sdk/2.1.0/lib/tinyusb/src/device/usbd_control.c.obj
                0x10006638                tud_control_status
 .text.tud_control_xfer
                0x10006664       0xac CMakeFiles/DisplayC.dir/C_/Users/User/.pico-sdk/sdk/2.1.0/lib/tinyusb/src/device/usbd_control.c.obj
                0x10006664                tud_control_xfer
 .text.usbd_control_reset
                0x10006710       0x14 CMakeFiles/DisplayC.dir/C_/Users/User/.pico-sdk/sdk/2.1.0/lib/tinyusb/src/device/usbd_control.c.obj
                0x10006710                usbd_control_reset
 .text.usbd_control_set_complete_callback
                0x10006724        0xc CMakeFiles/DisplayC.dir/C_/Users/User/.pico-sdk/sdk/2.1.0/lib/tinyusb/src/device/usbd_control.c.obj
                0x10006724                usbd_control_set_complete_callback
 .text.usbd_control_set_request
                0x10006730       0x1c CMakeFiles/DisplayC.dir/C_/Users/User/.pico-sdk/sdk/2.1.0/lib/tinyusb/src/device/usbd_control.c.obj
                0x10006730                usbd_control_set_request
 .text.usbd_control_xfer_cb
                0x1000674c       0xec CMakeFiles/DisplayC.dir/C_/Users/User/.pico-sdk/sdk/2.1.0/lib/tinyusb/src/device/usbd_control.c.obj
                0x1000674c                usbd_control_xfer_cb
 .text._prep_out_transaction.isra.0
                0x10006838       0x5c CMakeFiles/DisplayC.dir/C_/Users/User/.pico-sdk/sdk/2.1.0/lib/tinyusb/src/class/cdc/cdc_device.c.obj
 .text.tud_cdc_n_connected
                0x10006894       0x30 CMakeFiles/DisplayC.dir/C_/Users/User/.pico-sdk/sdk/2.1.0/lib/tinyusb/src/class/cdc/cdc_device.c.obj
                0x10006894                tud_cdc_n_connected
 .text.tud_cdc_n_available
                0x100068c4       0x18 CMakeFiles/DisplayC.dir/C_/Users/User/.pico-sdk/sdk/2.1.0/lib/tinyusb/src/class/cdc/cdc_device.c.obj
                0x100068c4                tud_cdc_n_available
 .text.tud_cdc_n_read
                0x100068dc       0x98 CMakeFiles/DisplayC.dir/C_/Users/User/.pico-sdk/sdk/2.1.0/lib/tinyusb/src/class/cdc/cdc_device.c.obj
                0x100068dc                tud_cdc_n_read
 .text.tud_cdc_n_write_flush
                0x10006974       0x78 CMakeFiles/DisplayC.dir/C_/Users/User/.pico-sdk/sdk/2.1.0/lib/tinyusb/src/class/cdc/cdc_device.c.obj
                0x10006974                tud_cdc_n_write_flush
 .text.tud_cdc_n_write
                0x100069ec       0x40 CMakeFiles/DisplayC.dir/C_/Users/User/.pico-sdk/sdk/2.1.0/lib/tinyusb/src/class/cdc/cdc_device.c.obj
                0x100069ec                tud_cdc_n_write
 .text.tud_cdc_n_write_available
                0x10006a2c       0x18 CMakeFiles/DisplayC.dir/C_/Users/User/.pico-sdk/sdk/2.1.0/lib/tinyusb/src/class/cdc/cdc_device.c.obj
                0x10006a2c                tud_cdc_n_write_available
 .text.cdcd_init
                0x10006a44       0x7c CMakeFiles/DisplayC.dir/C_/Users/User/.pico-sdk/sdk/2.1.0/lib/tinyusb/src/class/cdc/cdc_device.c.obj
                0x10006a44                cdcd_init
 .text.cdcd_deinit
                0x10006ac0       0x34 CMakeFiles/DisplayC.dir/C_/Users/User/.pico-sdk/sdk/2.1.0/lib/tinyusb/src/class/cdc/cdc_device.c.obj
                0x10006ac0                cdcd_deinit
 .text.cdcd_reset
                0x10006af4       0x4c CMakeFiles/DisplayC.dir/C_/Users/User/.pico-sdk/sdk/2.1.0/lib/tinyusb/src/class/cdc/cdc_device.c.obj
                0x10006af4                cdcd_reset
 .text.cdcd_open
                0x10006b40       0xb0 CMakeFiles/DisplayC.dir/C_/Users/User/.pico-sdk/sdk/2.1.0/lib/tinyusb/src/class/cdc/cdc_device.c.obj
                0x10006b40                cdcd_open
 .text.cdcd_control_xfer_cb
                0x10006bf0       0xe4 CMakeFiles/DisplayC.dir/C_/Users/User/.pico-sdk/sdk/2.1.0/lib/tinyusb/src/class/cdc/cdc_device.c.obj
                0x10006bf0                cdcd_control_xfer_cb
 .text.cdcd_xfer_cb
                0x10006cd4      0x100 CMakeFiles/DisplayC.dir/C_/Users/User/.pico-sdk/sdk/2.1.0/lib/tinyusb/src/class/cdc/cdc_device.c.obj
                0x10006cd4                cdcd_xfer_cb
 .text.vendord_init
                0x10006dd4       0x5c CMakeFiles/DisplayC.dir/C_/Users/User/.pico-sdk/sdk/2.1.0/lib/tinyusb/src/class/vendor/vendor_device.c.obj
                0x10006dd4                vendord_init
 .text.vendord_deinit
                0x10006e30       0x1c CMakeFiles/DisplayC.dir/C_/Users/User/.pico-sdk/sdk/2.1.0/lib/tinyusb/src/class/vendor/vendor_device.c.obj
                0x10006e30                vendord_deinit
 .text.vendord_reset
                0x10006e4c       0x20 CMakeFiles/DisplayC.dir/C_/Users/User/.pico-sdk/sdk/2.1.0/lib/tinyusb/src/class/vendor/vendor_device.c.obj
                0x10006e4c                vendord_reset
 .text.vendord_open
                0x10006e6c      0x138 CMakeFiles/DisplayC.dir/C_/Users/User/.pico-sdk/sdk/2.1.0/lib/tinyusb/src/class/vendor/vendor_device.c.obj
                0x10006e6c                vendord_open
 .text.vendord_xfer_cb
                0x10006fa4       0x9c CMakeFiles/DisplayC.dir/C_/Users/User/.pico-sdk/sdk/2.1.0/lib/tinyusb/src/class/vendor/vendor_device.c.obj
                0x10006fa4                vendord_xfer_cb
 .text.tusb_init
                0x10007040        0xc CMakeFiles/DisplayC.dir/C_/Users/User/.pico-sdk/sdk/2.1.0/lib/tinyusb/src/tusb.c.obj
                0x10007040                tusb_init
 .text.tu_edpt_claim
                0x1000704c       0x50 CMakeFiles/DisplayC.dir/C_/Users/User/.pico-sdk/sdk/2.1.0/lib/tinyusb/src/tusb.c.obj
                0x1000704c                tu_edpt_claim
 .text.tu_edpt_release
                0x1000709c       0x38 CMakeFiles/DisplayC.dir/C_/Users/User/.pico-sdk/sdk/2.1.0/lib/tinyusb/src/tusb.c.obj
                0x1000709c                tu_edpt_release
 .text.tu_edpt_validate
                0x100070d4       0x7c CMakeFiles/DisplayC.dir/C_/Users/User/.pico-sdk/sdk/2.1.0/lib/tinyusb/src/tusb.c.obj
                0x100070d4                tu_edpt_validate
 .text.tu_edpt_bind_driver
                0x10007150       0x34 CMakeFiles/DisplayC.dir/C_/Users/User/.pico-sdk/sdk/2.1.0/lib/tinyusb/src/tusb.c.obj
                0x10007150                tu_edpt_bind_driver
 .text.tu_edpt_stream_init
                0x10007184       0x6c CMakeFiles/DisplayC.dir/C_/Users/User/.pico-sdk/sdk/2.1.0/lib/tinyusb/src/tusb.c.obj
                0x10007184                tu_edpt_stream_init
 .text.tu_edpt_stream_deinit
                0x100071f0        0x4 CMakeFiles/DisplayC.dir/C_/Users/User/.pico-sdk/sdk/2.1.0/lib/tinyusb/src/tusb.c.obj
                0x100071f0                tu_edpt_stream_deinit
 .text.tu_edpt_stream_write_zlp_if_needed
                0x100071f4       0x68 CMakeFiles/DisplayC.dir/C_/Users/User/.pico-sdk/sdk/2.1.0/lib/tinyusb/src/tusb.c.obj
                0x100071f4                tu_edpt_stream_write_zlp_if_needed
 .text.tu_edpt_stream_write_xfer
                0x1000725c       0x64 CMakeFiles/DisplayC.dir/C_/Users/User/.pico-sdk/sdk/2.1.0/lib/tinyusb/src/tusb.c.obj
                0x1000725c                tu_edpt_stream_write_xfer
 .text.tu_edpt_stream_read_xfer
                0x100072c0       0xdc CMakeFiles/DisplayC.dir/C_/Users/User/.pico-sdk/sdk/2.1.0/lib/tinyusb/src/tusb.c.obj
                0x100072c0                tu_edpt_stream_read_xfer
 .text.tu_fifo_config
                0x1000739c       0x6c CMakeFiles/DisplayC.dir/C_/Users/User/.pico-sdk/sdk/2.1.0/lib/tinyusb/src/common/tusb_fifo.c.obj
                0x1000739c                tu_fifo_config
 .text.tu_fifo_count
                0x10007408       0x2c CMakeFiles/DisplayC.dir/C_/Users/User/.pico-sdk/sdk/2.1.0/lib/tinyusb/src/common/tusb_fifo.c.obj
                0x10007408                tu_fifo_count
 .text.tu_fifo_empty
                0x10007434       0x10 CMakeFiles/DisplayC.dir/C_/Users/User/.pico-sdk/sdk/2.1.0/lib/tinyusb/src/common/tusb_fifo.c.obj
                0x10007434                tu_fifo_empty
 .text.tu_fifo_remaining
                0x10007444       0x2c CMakeFiles/DisplayC.dir/C_/Users/User/.pico-sdk/sdk/2.1.0/lib/tinyusb/src/common/tusb_fifo.c.obj
                0x10007444                tu_fifo_remaining
 .text.tu_fifo_read
                0x10007470       0x9c CMakeFiles/DisplayC.dir/C_/Users/User/.pico-sdk/sdk/2.1.0/lib/tinyusb/src/common/tusb_fifo.c.obj
                0x10007470                tu_fifo_read
 .text.tu_fifo_read_n
                0x1000750c       0xe8 CMakeFiles/DisplayC.dir/C_/Users/User/.pico-sdk/sdk/2.1.0/lib/tinyusb/src/common/tusb_fifo.c.obj
                0x1000750c                tu_fifo_read_n
 .text.tu_fifo_write
                0x100075f4       0xa8 CMakeFiles/DisplayC.dir/C_/Users/User/.pico-sdk/sdk/2.1.0/lib/tinyusb/src/common/tusb_fifo.c.obj
                0x100075f4                tu_fifo_write
 .text.tu_fifo_write_n
                0x1000769c      0x178 CMakeFiles/DisplayC.dir/C_/Users/User/.pico-sdk/sdk/2.1.0/lib/tinyusb/src/common/tusb_fifo.c.obj
                0x1000769c                tu_fifo_write_n
 .text.tu_fifo_clear
                0x10007814       0x40 CMakeFiles/DisplayC.dir/C_/Users/User/.pico-sdk/sdk/2.1.0/lib/tinyusb/src/common/tusb_fifo.c.obj
                0x10007814                tu_fifo_clear
 .text.tu_fifo_set_overwritable
                0x10007854       0x48 CMakeFiles/DisplayC.dir/C_/Users/User/.pico-sdk/sdk/2.1.0/lib/tinyusb/src/common/tusb_fifo.c.obj
                0x10007854                tu_fifo_set_overwritable
 .text.i2c_write_blocking_internal.constprop.0
                0x1000789c       0xd0 CMakeFiles/DisplayC.dir/C_/Users/User/.pico-sdk/sdk/2.1.0/src/rp2_common/hardware_i2c/i2c.c.obj
 .text.i2c_set_baudrate
                0x1000796c       0xc0 CMakeFiles/DisplayC.dir/C_/Users/User/.pico-sdk/sdk/2.1.0/src/rp2_common/hardware_i2c/i2c.c.obj
                0x1000796c                i2c_set_baudrate
 .text.i2c_init
                0x10007a2c       0x50 CMakeFiles/DisplayC.dir/C_/Users/User/.pico-sdk/sdk/2.1.0/src/rp2_common/hardware_i2c/i2c.c.obj
                0x10007a2c                i2c_init
 .text.i2c_write_blocking
                0x10007a7c       0x14 CMakeFiles/DisplayC.dir/C_/Users/User/.pico-sdk/sdk/2.1.0/src/rp2_common/hardware_i2c/i2c.c.obj
                0x10007a7c                i2c_write_blocking
 .text.pio_claim_unused_sm
                0x10007a90       0x38 CMakeFiles/DisplayC.dir/C_/Users/User/.pico-sdk/sdk/2.1.0/src/rp2_common/hardware_pio/pio.c.obj
                0x10007a90                pio_claim_unused_sm
 .text.pio_add_program
                0x10007ac8      0x104 CMakeFiles/DisplayC.dir/C_/Users/User/.pico-sdk/sdk/2.1.0/src/rp2_common/hardware_pio/pio.c.obj
                0x10007ac8                pio_add_program
 .text.adc_init
                0x10007bcc       0x38 CMakeFiles/DisplayC.dir/C_/Users/User/.pico-sdk/sdk/2.1.0/src/rp2_common/hardware_adc/adc.c.obj
                0x10007bcc                adc_init
 .text.calloc   0x10007c04       0x18 C:/Users/User/.pico-sdk/toolchain/13_3_Rel1/bin/../lib/gcc/arm-none-eabi/13.3.1/thumb/v6-m/nofp\libg.a(libc_a-calloc.o)
                0x10007c04                calloc
 .text._calloc_r
                0x10007c1c       0xa8 C:/Users/User/.pico-sdk/toolchain/13_3_Rel1/bin/../lib/gcc/arm-none-eabi/13.3.1/thumb/v6-m/nofp\libg.a(libc_a-callocr.o)
                0x10007c1c                _calloc_r
 .text._malloc_r
                0x10007cc4      0x5c4 C:/Users/User/.pico-sdk/toolchain/13_3_Rel1/bin/../lib/gcc/arm-none-eabi/13.3.1/thumb/v6-m/nofp\libg.a(libc_a-mallocr.o)
                0x10007cc4                _malloc_r
 .text.__malloc_lock
                0x10008288       0x10 C:/Users/User/.pico-sdk/toolchain/13_3_Rel1/bin/../lib/gcc/arm-none-eabi/13.3.1/thumb/v6-m/nofp\libg.a(libc_a-mlock.o)
                0x10008288                __malloc_lock
 .text.__malloc_unlock
                0x10008298       0x10 C:/Users/User/.pico-sdk/toolchain/13_3_Rel1/bin/../lib/gcc/arm-none-eabi/13.3.1/thumb/v6-m/nofp\libg.a(libc_a-mlock.o)
                0x10008298                __malloc_unlock
 .text._sbrk_r  0x100082a8       0x24 C:/Users/User/.pico-sdk/toolchain/13_3_Rel1/bin/../lib/gcc/arm-none-eabi/13.3.1/thumb/v6-m/nofp\libg.a(libc_a-sbrkr.o)
                0x100082a8                _sbrk_r
 .text.__errno  0x100082cc        0xc C:/Users/User/.pico-sdk/toolchain/13_3_Rel1/bin/../lib/gcc/arm-none-eabi/13.3.1/thumb/v6-m/nofp\libg.a(libc_a-errno.o)
                0x100082cc                __errno
 .text.__retarget_lock_acquire_recursive
                0x100082d8        0x4 C:/Users/User/.pico-sdk/toolchain/13_3_Rel1/bin/../lib/gcc/arm-none-eabi/13.3.1/thumb/v6-m/nofp\libg.a(libc_a-lock.o)
                0x100082d8                __retarget_lock_acquire_recursive
 .text.__retarget_lock_release_recursive
                0x100082dc        0x4 C:/Users/User/.pico-sdk/toolchain/13_3_Rel1/bin/../lib/gcc/arm-none-eabi/13.3.1/thumb/v6-m/nofp\libg.a(libc_a-lock.o)
                0x100082dc                __retarget_lock_release_recursive
 .text.sysconf  0x100082e0       0x1c C:/Users/User/.pico-sdk/toolchain/13_3_Rel1/bin/../lib/gcc/arm-none-eabi/13.3.1/thumb/v6-m/nofp\libg.a(libc_a-sysconf.o)
                0x100082e0                sysconf
 .text.strlen   0x100082fc       0x5c C:/Users/User/.pico-sdk/toolchain/13_3_Rel1/bin/../lib/gcc/arm-none-eabi/13.3.1/thumb/v6-m/nofp\libg.a(libc_a-strlen-stub.o)
                0x100082fc                strlen
 .text._malloc_trim_r
                0x10008358       0xb4 C:/Users/User/.pico-sdk/toolchain/13_3_Rel1/bin/../lib/gcc/arm-none-eabi/13.3.1/thumb/v6-m/nofp\libg.a(libc_a-freer.o)
                0x10008358                _malloc_trim_r
 .text._free_r  0x1000840c      0x1d4 C:/Users/User/.pico-sdk/toolchain/13_3_Rel1/bin/../lib/gcc/arm-none-eabi/13.3.1/thumb/v6-m/nofp\libg.a(libc_a-freer.o)
                0x1000840c                _free_r
 *(.fini)
 .fini          0x100085e0        0x4 C:/Users/User/.pico-sdk/toolchain/13_3_Rel1/bin/../lib/gcc/arm-none-eabi/13.3.1/thumb/v6-m/nofp/crti.o
                0x100085e0                _fini
 *fill*         0x100085e4        0x4 
 .fini.__stub   0x100085e8       0xc0 linker stubs
 *crtbegin.o(.ctors)
 *crtbegin?.o(.ctors)
 *(EXCLUDE_FILE(*crtend.o *crtend?.o) .ctors)
 *(SORT_BY_NAME(.ctors.*))
 *(.ctors)
 *crtbegin.o(.dtors)
 *crtbegin?.o(.dtors)
 *(EXCLUDE_FILE(*crtend.o *crtend?.o) .dtors)
 *(SORT_BY_NAME(.dtors.*))
 *(.dtors)
                0x100086a8                        . = ALIGN (0x4)
                0x100086a8                        PROVIDE (__preinit_array_start = .)
 *(SORT_BY_NAME(.preinit_array.*))
 .preinit_array.00100
                0x100086a8        0x4 CMakeFiles/DisplayC.dir/C_/Users/User/.pico-sdk/sdk/2.1.0/src/rp2_common/pico_runtime_init/runtime_init.c.obj
                0x100086a8                __pre_init_runtime_init_early_resets
 .preinit_array.00101
                0x100086ac        0x4 CMakeFiles/DisplayC.dir/C_/Users/User/.pico-sdk/sdk/2.1.0/src/rp2_common/pico_runtime_init/runtime_init.c.obj
                0x100086ac                __pre_init_runtime_init_usb_power_down
 .preinit_array.00275
                0x100086b0        0x4 CMakeFiles/DisplayC.dir/C_/Users/User/.pico-sdk/sdk/2.1.0/src/rp2_common/pico_bit_ops/bit_ops_aeabi.S.obj
 .preinit_array.00300
                0x100086b4        0x4 CMakeFiles/DisplayC.dir/C_/Users/User/.pico-sdk/sdk/2.1.0/src/rp2_common/pico_mem_ops/mem_ops_aeabi.S.obj
 .preinit_array.00350
                0x100086b8        0x4 CMakeFiles/DisplayC.dir/C_/Users/User/.pico-sdk/sdk/2.1.0/src/rp2_common/pico_double/double_aeabi_rp2040.S.obj
 .preinit_array.00350
                0x100086bc        0x4 CMakeFiles/DisplayC.dir/C_/Users/User/.pico-sdk/sdk/2.1.0/src/rp2_common/pico_float/float_aeabi_rp2040.S.obj
 .preinit_array.00500
                0x100086c0        0x4 CMakeFiles/DisplayC.dir/C_/Users/User/.pico-sdk/sdk/2.1.0/src/rp2_common/pico_runtime_init/runtime_init.c.obj
                0x100086c0                __pre_init_runtime_init_clocks
 .preinit_array.00600
                0x100086c4        0x4 CMakeFiles/DisplayC.dir/C_/Users/User/.pico-sdk/sdk/2.1.0/src/rp2_common/pico_runtime_init/runtime_init.c.obj
                0x100086c4                __pre_init_runtime_init_post_clock_resets
 .preinit_array.00700
                0x100086c8        0x4 CMakeFiles/DisplayC.dir/C_/Users/User/.pico-sdk/sdk/2.1.0/src/rp2_common/pico_runtime_init/runtime_init.c.obj
                0x100086c8                __pre_init_runtime_init_rp2040_gpio_ie_disable
 .preinit_array.01000
                0x100086cc        0x4 CMakeFiles/DisplayC.dir/C_/Users/User/.pico-sdk/sdk/2.1.0/src/rp2_common/pico_runtime_init/runtime_init.c.obj
                0x100086cc                __pre_init_runtime_init_spin_locks_reset
 .preinit_array.01100
                0x100086d0        0x4 CMakeFiles/DisplayC.dir/C_/Users/User/.pico-sdk/sdk/2.1.0/src/common/pico_sync/mutex.c.obj
                0x100086d0                __pre_init_runtime_init_mutex
 .preinit_array.10080
                0x100086d4        0x4 CMakeFiles/DisplayC.dir/C_/Users/User/.pico-sdk/sdk/2.1.0/src/rp2_common/pico_runtime_init/runtime_init.c.obj
                0x100086d4                __pre_init_runtime_init_install_ram_vector_table
 .preinit_array.11000
                0x100086d8        0x4 CMakeFiles/DisplayC.dir/C_/Users/User/.pico-sdk/sdk/2.1.0/src/common/pico_time/time.c.obj
                0x100086d8                __pre_init_runtime_init_default_alarm_pool
 .preinit_array.YYYYY
                0x100086dc        0x4 CMakeFiles/DisplayC.dir/C_/Users/User/.pico-sdk/sdk/2.1.0/src/rp2_common/pico_runtime/runtime.c.obj
                0x100086dc                __pre_init_first_per_core_initializer
 .preinit_array.ZZZZZ.01200
                0x100086e0        0x4 CMakeFiles/DisplayC.dir/C_/Users/User/.pico-sdk/sdk/2.1.0/src/rp2_common/hardware_irq/irq.c.obj
                0x100086e0                __pre_init_runtime_init_per_core_irq_priorities
 *(.preinit_array)
                0x100086e4                        PROVIDE (__preinit_array_end = .)
                0x100086e4                        . = ALIGN (0x4)
                0x100086e4                        PROVIDE (__init_array_start = .)
 *(SORT_BY_NAME(.init_array.*))
 *(.init_array)
 .init_array    0x100086e4        0x4 C:/Users/User/.pico-sdk/toolchain/13_3_Rel1/bin/../lib/gcc/arm-none-eabi/13.3.1/thumb/v6-m/nofp/crtbegin.o
 .init_array    0x100086e8        0x4 CMakeFiles/DisplayC.dir/C_/Users/User/.pico-sdk/sdk/2.1.0/src/rp2_common/pico_unique_id/unique_id.c.obj
                0x100086ec                        PROVIDE (__init_array_end = .)
                0x100086ec                        . = ALIGN (0x4)
                [!provide]                        PROVIDE (__fini_array_start = .)
 *(SORT_BY_NAME(.fini_array.*))
 *(.fini_array)
                [!provide]                        PROVIDE (__fini_array_end = .)
 *(.eh_frame*)
 .eh_frame      0x100086ec        0x0 C:/Users/User/.pico-sdk/toolchain/13_3_Rel1/bin/../lib/gcc/arm-none-eabi/13.3.1/thumb/v6-m/nofp/crtbegin.o
                0x100086ec                        . = ALIGN (0x4)

.glue_7         0x100086ec        0x0
 .glue_7        0x100086ec        0x0 linker stubs

.glue_7t        0x100086ec        0x0
 .glue_7t       0x100086ec        0x0 linker stubs

.vfp11_veneer   0x100086ec        0x0
 .vfp11_veneer  0x100086ec        0x0 linker stubs

.v4_bx          0x100086ec        0x0
 .v4_bx         0x100086ec        0x0 linker stubs

.iplt           0x100086ec        0x0
 .iplt          0x100086ec        0x0 C:/Users/User/.pico-sdk/toolchain/13_3_Rel1/bin/../lib/gcc/arm-none-eabi/13.3.1/thumb/v6-m/nofp/crtbegin.o

.rodata         0x100086f0      0x6b4
 *(EXCLUDE_FILE(*libm.a: *libc.a:*lib_a-mem*.o *libgcc.a:) .rodata*)
 .rodata.gpio_callback.str1.4
                0x100086f0      0x1ec CMakeFiles/DisplayC.dir/DisplayC.c.obj
                                 0x3d (size before relaxing)
 .rodata.pio_matrix_program
                0x100088dc        0x8 CMakeFiles/DisplayC.dir/DisplayC.c.obj
 .rodata.pio_matrix_program_instructions
                0x100088e4        0xe CMakeFiles/DisplayC.dir/DisplayC.c.obj
 .rodata.panic.str1.4
                0x100088f2       0x12 CMakeFiles/DisplayC.dir/C_/Users/User/.pico-sdk/sdk/2.1.0/src/rp2_common/pico_platform_panic/panic.c.obj
 .rodata.spin_lock_claim_unused.str1.4
                0x100088f2       0x1b CMakeFiles/DisplayC.dir/C_/Users/User/.pico-sdk/sdk/2.1.0/src/rp2_common/hardware_sync/sync.c.obj
 .rodata.user_irq_claim_unused.str1.4
                0x100088f2       0x1b CMakeFiles/DisplayC.dir/C_/Users/User/.pico-sdk/sdk/2.1.0/src/rp2_common/hardware_irq/irq.c.obj
 .rodata.timer_hardware_alarm_claim.str1.4
                0x100088f2       0x22 CMakeFiles/DisplayC.dir/C_/Users/User/.pico-sdk/sdk/2.1.0/src/rp2_common/hardware_timer/timer.c.obj
 .rodata.hard_assertion_failure.str1.4
                0x100088f2        0xc CMakeFiles/DisplayC.dir/C_/Users/User/.pico-sdk/sdk/2.1.0/src/rp2_common/pico_runtime/runtime.c.obj
 .rodata.__wrap_malloc.str1.4
                0x100088f2        0xe CMakeFiles/DisplayC.dir/C_/Users/User/.pico-sdk/sdk/2.1.0/src/rp2_common/pico_malloc/malloc.c.obj
 .rodata.str1.4
                0x100088f2       0x44 CMakeFiles/DisplayC.dir/C_/Users/User/.pico-sdk/sdk/2.1.0/src/rp2_common/pico_standard_binary_info/standard_binary_info.c.obj
 *fill*         0x100088f2        0x2 
 .rodata.__bi_84
                0x100088f4        0xc CMakeFiles/DisplayC.dir/C_/Users/User/.pico-sdk/sdk/2.1.0/src/rp2_common/pico_standard_binary_info/standard_binary_info.c.obj
 .rodata.__bi_78
                0x10008900        0xc CMakeFiles/DisplayC.dir/C_/Users/User/.pico-sdk/sdk/2.1.0/src/rp2_common/pico_standard_binary_info/standard_binary_info.c.obj
 .rodata.__bi_60
                0x1000890c        0xc CMakeFiles/DisplayC.dir/C_/Users/User/.pico-sdk/sdk/2.1.0/src/rp2_common/pico_standard_binary_info/standard_binary_info.c.obj
 .rodata.__bi_54
                0x10008918        0xc CMakeFiles/DisplayC.dir/C_/Users/User/.pico-sdk/sdk/2.1.0/src/rp2_common/pico_standard_binary_info/standard_binary_info.c.obj
 .rodata.__bi_48
                0x10008924        0xc CMakeFiles/DisplayC.dir/C_/Users/User/.pico-sdk/sdk/2.1.0/src/rp2_common/pico_standard_binary_info/standard_binary_info.c.obj
 .rodata.__bi_42
                0x10008930        0xc CMakeFiles/DisplayC.dir/C_/Users/User/.pico-sdk/sdk/2.1.0/src/rp2_common/pico_standard_binary_info/standard_binary_info.c.obj
 .rodata.__bi_34
                0x1000893c        0xc CMakeFiles/DisplayC.dir/C_/Users/User/.pico-sdk/sdk/2.1.0/src/rp2_common/pico_standard_binary_info/standard_binary_info.c.obj
 .rodata.__bi_26
                0x10008948        0xc CMakeFiles/DisplayC.dir/C_/Users/User/.pico-sdk/sdk/2.1.0/src/rp2_common/pico_standard_binary_info/standard_binary_info.c.obj
 .rodata._ftoa.str1.4
                0x10008954       0x15 CMakeFiles/DisplayC.dir/C_/Users/User/.pico-sdk/sdk/2.1.0/src/rp2_common/pico_printf/printf.c.obj
 .rodata._vsnprintf
                0x10008954      0x19c CMakeFiles/DisplayC.dir/C_/Users/User/.pico-sdk/sdk/2.1.0/src/rp2_common/pico_printf/printf.c.obj
 .rodata.pow10.0
                0x10008af0       0x50 CMakeFiles/DisplayC.dir/C_/Users/User/.pico-sdk/sdk/2.1.0/src/rp2_common/pico_printf/printf.c.obj
 .rodata.crlf_str.0
                0x10008b40        0x2 CMakeFiles/DisplayC.dir/C_/Users/User/.pico-sdk/sdk/2.1.0/src/rp2_common/pico_stdio/stdio.c.obj
 *fill*         0x10008b42        0x2 
 .rodata._resetd_driver
                0x10008b44       0x20 CMakeFiles/DisplayC.dir/C_/Users/User/.pico-sdk/sdk/2.1.0/src/rp2_common/pico_stdio_usb/reset_interface.c.obj
 .rodata.desc_ms_os_20
                0x10008b64       0xa6 CMakeFiles/DisplayC.dir/C_/Users/User/.pico-sdk/sdk/2.1.0/src/rp2_common/pico_stdio_usb/reset_interface.c.obj
 *fill*         0x10008c0a        0x2 
 .rodata.desc_bos
                0x10008c0c       0x21 CMakeFiles/DisplayC.dir/C_/Users/User/.pico-sdk/sdk/2.1.0/src/rp2_common/pico_stdio_usb/reset_interface.c.obj
                0x10008c0c                desc_bos
 .rodata.str1.4
                0x10008c2d       0x13 CMakeFiles/DisplayC.dir/C_/Users/User/.pico-sdk/sdk/2.1.0/src/rp2_common/pico_stdio_usb/stdio_usb.c.obj
 *fill*         0x10008c2d        0x3 
 .rodata.__bi_197.0
                0x10008c30        0xc CMakeFiles/DisplayC.dir/C_/Users/User/.pico-sdk/sdk/2.1.0/src/rp2_common/pico_stdio_usb/stdio_usb.c.obj
 .rodata.str1.4
                0x10008c3c       0x2a CMakeFiles/DisplayC.dir/C_/Users/User/.pico-sdk/sdk/2.1.0/src/rp2_common/pico_stdio_usb/stdio_usb_descriptors.c.obj
 .rodata.usbd_desc_str
                0x10008c3c       0x18 CMakeFiles/DisplayC.dir/C_/Users/User/.pico-sdk/sdk/2.1.0/src/rp2_common/pico_stdio_usb/stdio_usb_descriptors.c.obj
 .rodata.usbd_desc_cfg
                0x10008c54       0x54 CMakeFiles/DisplayC.dir/C_/Users/User/.pico-sdk/sdk/2.1.0/src/rp2_common/pico_stdio_usb/stdio_usb_descriptors.c.obj
 .rodata.usbd_desc_device
                0x10008ca8       0x12 CMakeFiles/DisplayC.dir/C_/Users/User/.pico-sdk/sdk/2.1.0/src/rp2_common/pico_stdio_usb/stdio_usb_descriptors.c.obj
 .rodata.str1.4
                0x10008cba       0x14 CMakeFiles/DisplayC.dir/C_/Users/User/.pico-sdk/sdk/2.1.0/lib/tinyusb/src/portable/raspberrypi/rp2040/dcd_rp2040.c.obj
 .rodata.str1.4
                0x10008cba       0x48 CMakeFiles/DisplayC.dir/C_/Users/User/.pico-sdk/sdk/2.1.0/lib/tinyusb/src/portable/raspberrypi/rp2040/rp2040_usb.c.obj
 *fill*         0x10008cba        0x2 
 .rodata.tud_task_ext
                0x10008cbc       0x8c CMakeFiles/DisplayC.dir/C_/Users/User/.pico-sdk/sdk/2.1.0/lib/tinyusb/src/device/usbd.c.obj
 .rodata        0x10008d48       0x1c CMakeFiles/DisplayC.dir/C_/Users/User/.pico-sdk/sdk/2.1.0/lib/tinyusb/src/device/usbd.c.obj
 .rodata._usbd_driver
                0x10008d64       0x40 CMakeFiles/DisplayC.dir/C_/Users/User/.pico-sdk/sdk/2.1.0/lib/tinyusb/src/device/usbd.c.obj
 .rodata.pio_claim_unused_sm.str1.4
                0x10008da4       0x24 CMakeFiles/DisplayC.dir/C_/Users/User/.pico-sdk/sdk/2.1.0/src/rp2_common/hardware_pio/pio.c.obj
                0x10008dc8                        . = ALIGN (0x4)
 *(SORT_BY_ALIGNMENT(SORT_BY_NAME(.flashdata*)))
                0x10008dc8                        . = ALIGN (0x4)

.ARM.extab
 *(.ARM.extab* .gnu.linkonce.armextab.*)
                0x10008da4                        __exidx_start = .

.ARM.exidx
 *(.ARM.exidx* .gnu.linkonce.armexidx.*)
                0x10008da4                        __exidx_end = .
                0x10008dc8                        . = ALIGN (0x4)
                0x10008da4                        __binary_info_start = .

.binary_info    0x10008da4       0x24
 *(.binary_info.keep.*)
 .binary_info.keep.__bi_ptr84
                0x10008da4        0x4 CMakeFiles/DisplayC.dir/C_/Users/User/.pico-sdk/sdk/2.1.0/src/rp2_common/pico_standard_binary_info/standard_binary_info.c.obj
 .binary_info.keep.__bi_ptr78
                0x10008da8        0x4 CMakeFiles/DisplayC.dir/C_/Users/User/.pico-sdk/sdk/2.1.0/src/rp2_common/pico_standard_binary_info/standard_binary_info.c.obj
 .binary_info.keep.__bi_ptr60
                0x10008dac        0x4 CMakeFiles/DisplayC.dir/C_/Users/User/.pico-sdk/sdk/2.1.0/src/rp2_common/pico_standard_binary_info/standard_binary_info.c.obj
 .binary_info.keep.__bi_ptr54
                0x10008db0        0x4 CMakeFiles/DisplayC.dir/C_/Users/User/.pico-sdk/sdk/2.1.0/src/rp2_common/pico_standard_binary_info/standard_binary_info.c.obj
 .binary_info.keep.__bi_ptr48
                0x10008db4        0x4 CMakeFiles/DisplayC.dir/C_/Users/User/.pico-sdk/sdk/2.1.0/src/rp2_common/pico_standard_binary_info/standard_binary_info.c.obj
 .binary_info.keep.__bi_ptr42
                0x10008db8        0x4 CMakeFiles/DisplayC.dir/C_/Users/User/.pico-sdk/sdk/2.1.0/src/rp2_common/pico_standard_binary_info/standard_binary_info.c.obj
 .binary_info.keep.__bi_ptr34
                0x10008dbc        0x4 CMakeFiles/DisplayC.dir/C_/Users/User/.pico-sdk/sdk/2.1.0/src/rp2_common/pico_standard_binary_info/standard_binary_info.c.obj
 .binary_info.keep.__bi_ptr26
                0x10008dc0        0x4 CMakeFiles/DisplayC.dir/C_/Users/User/.pico-sdk/sdk/2.1.0/src/rp2_common/pico_standard_binary_info/standard_binary_info.c.obj
 *(.binary_info.*)
 .binary_info.__bi_ptr197
                0x10008dc4        0x4 CMakeFiles/DisplayC.dir/C_/Users/User/.pico-sdk/sdk/2.1.0/src/rp2_common/pico_stdio_usb/stdio_usb.c.obj
                0x10008dc8                        __binary_info_end = .

.rel.dyn        0x10008dc8        0x0
 .rel.iplt      0x10008dc8        0x0 C:/Users/User/.pico-sdk/toolchain/13_3_Rel1/bin/../lib/gcc/arm-none-eabi/13.3.1/thumb/v6-m/nofp/crtbegin.o
                0x10008dc8                        . = ALIGN (0x4)

.ram_vector_table
                0x20000000       0xc0
 *(.ram_vector_table)
 .ram_vector_table
                0x20000000       0xc0 CMakeFiles/DisplayC.dir/C_/Users/User/.pico-sdk/sdk/2.1.0/src/rp2_common/pico_runtime_init/runtime_init.c.obj
                0x20000000                ram_vector_table

.uninitialized_data
                0x200000c0        0x0
                0x200000c0                        . = ALIGN (0x4)
 *(.uninitialized_data*)

.data           0x200000c0     0x1508 load address 0x10008dc8
                0x200000c0                        __data_start__ = .
 *(vtable)
 *(.time_critical*)
 .time_critical.mutex_try_enter
                0x200000c0       0x40 CMakeFiles/DisplayC.dir/C_/Users/User/.pico-sdk/sdk/2.1.0/src/common/pico_sync/mutex.c.obj
                0x200000c0                mutex_try_enter
 .time_critical.mutex_try_enter_block_until
                0x20000100       0x9c CMakeFiles/DisplayC.dir/C_/Users/User/.pico-sdk/sdk/2.1.0/src/common/pico_sync/mutex.c.obj
                0x20000100                mutex_try_enter_block_until
 .time_critical.mutex_enter_timeout_ms
                0x2000019c       0x90 CMakeFiles/DisplayC.dir/C_/Users/User/.pico-sdk/sdk/2.1.0/src/common/pico_sync/mutex.c.obj
                0x2000019c                mutex_enter_timeout_ms
 .time_critical.mutex_exit
                0x2000022c       0x28 CMakeFiles/DisplayC.dir/C_/Users/User/.pico-sdk/sdk/2.1.0/src/common/pico_sync/mutex.c.obj
                0x2000022c                mutex_exit
 .time_critical.flash_init_boot2_copyout
                0x20000254       0x30 CMakeFiles/DisplayC.dir/C_/Users/User/.pico-sdk/sdk/2.1.0/src/rp2_common/hardware_flash/flash.c.obj
 .time_critical.flash_enable_xip_via_boot2
                0x20000284        0xc CMakeFiles/DisplayC.dir/C_/Users/User/.pico-sdk/sdk/2.1.0/src/rp2_common/hardware_flash/flash.c.obj
 .time_critical.flash_cs_force
                0x20000290       0x38 CMakeFiles/DisplayC.dir/C_/Users/User/.pico-sdk/sdk/2.1.0/src/rp2_common/hardware_flash/flash.c.obj
 .time_critical.flash_do_cmd
                0x200002c8       0xc0 CMakeFiles/DisplayC.dir/C_/Users/User/.pico-sdk/sdk/2.1.0/src/rp2_common/hardware_flash/flash.c.obj
                0x200002c8                flash_do_cmd
 .time_critical.reset_non_control_endpoints
                0x20000388       0x68 CMakeFiles/DisplayC.dir/C_/Users/User/.pico-sdk/sdk/2.1.0/lib/tinyusb/src/portable/raspberrypi/rp2040/dcd_rp2040.c.obj
 .time_critical.hw_handle_buff_status
                0x200003f0       0xb0 CMakeFiles/DisplayC.dir/C_/Users/User/.pico-sdk/sdk/2.1.0/lib/tinyusb/src/portable/raspberrypi/rp2040/dcd_rp2040.c.obj
 .time_critical.dcd_rp2040_irq
                0x200004a0      0x578 CMakeFiles/DisplayC.dir/C_/Users/User/.pico-sdk/sdk/2.1.0/lib/tinyusb/src/portable/raspberrypi/rp2040/dcd_rp2040.c.obj
 .time_critical.prepare_ep_buffer
                0x20000a18       0xe0 CMakeFiles/DisplayC.dir/C_/Users/User/.pico-sdk/sdk/2.1.0/lib/tinyusb/src/portable/raspberrypi/rp2040/rp2040_usb.c.obj
 .time_critical.sync_ep_buffer
                0x20000af8       0xa8 CMakeFiles/DisplayC.dir/C_/Users/User/.pico-sdk/sdk/2.1.0/lib/tinyusb/src/portable/raspberrypi/rp2040/rp2040_usb.c.obj
 .time_critical._hw_endpoint_xfer_sync
                0x20000ba0       0x28 CMakeFiles/DisplayC.dir/C_/Users/User/.pico-sdk/sdk/2.1.0/lib/tinyusb/src/portable/raspberrypi/rp2040/rp2040_usb.c.obj
 .time_critical.e15_is_bulkin_ep
                0x20000bc8       0x28 CMakeFiles/DisplayC.dir/C_/Users/User/.pico-sdk/sdk/2.1.0/lib/tinyusb/src/portable/raspberrypi/rp2040/rp2040_usb.c.obj
 .time_critical.e15_is_critical_frame_period
                0x20000bf0       0x34 CMakeFiles/DisplayC.dir/C_/Users/User/.pico-sdk/sdk/2.1.0/lib/tinyusb/src/portable/raspberrypi/rp2040/rp2040_usb.c.obj
 .time_critical.hw_endpoint_reset_transfer
                0x20000c24        0xc CMakeFiles/DisplayC.dir/C_/Users/User/.pico-sdk/sdk/2.1.0/lib/tinyusb/src/portable/raspberrypi/rp2040/rp2040_usb.c.obj
                0x20000c24                hw_endpoint_reset_transfer
 .time_critical._hw_endpoint_buffer_control_update32
                0x20000c30       0x50 CMakeFiles/DisplayC.dir/C_/Users/User/.pico-sdk/sdk/2.1.0/lib/tinyusb/src/portable/raspberrypi/rp2040/rp2040_usb.c.obj
                0x20000c30                _hw_endpoint_buffer_control_update32
 .time_critical.hw_endpoint_start_next_buffer
                0x20000c80       0x6c CMakeFiles/DisplayC.dir/C_/Users/User/.pico-sdk/sdk/2.1.0/lib/tinyusb/src/portable/raspberrypi/rp2040/rp2040_usb.c.obj
                0x20000c80                hw_endpoint_start_next_buffer
 .time_critical.hw_endpoint_xfer_continue
                0x20000cec       0x40 CMakeFiles/DisplayC.dir/C_/Users/User/.pico-sdk/sdk/2.1.0/lib/tinyusb/src/portable/raspberrypi/rp2040/rp2040_usb.c.obj
                0x20000cec                hw_endpoint_xfer_continue
 .time_critical.tinyusb
                0x20000d2c      0x1e4 CMakeFiles/DisplayC.dir/C_/Users/User/.pico-sdk/sdk/2.1.0/lib/tinyusb/src/device/usbd.c.obj
                0x20000d2c                dcd_event_handler
 *(.text*)
 .text          0x20000f10        0x4 C:/Users/User/.pico-sdk/toolchain/13_3_Rel1/bin/../lib/gcc/arm-none-eabi/13.3.1/thumb/v6-m/nofp\libgcc.a(_dvmd_tls.o)
                0x20000f10                __aeabi_idiv0
                0x20000f10                __aeabi_ldiv0
 *fill*         0x20000f14        0x4 
 .text.__stub   0x20000f18       0x80 linker stubs
                0x20000f98                        . = ALIGN (0x4)
 *(.rodata*)
                0x20000f98                        . = ALIGN (0x4)
 *(.data*)
 .data.g_pwm_active
                0x20000f98        0x1 CMakeFiles/DisplayC.dir/DisplayC.c.obj
 .data.striped_spin_lock_num
                0x20000f99        0x1 CMakeFiles/DisplayC.dir/C_/Users/User/.pico-sdk/sdk/2.1.0/src/rp2_common/hardware_sync/sync.c.obj
 *fill*         0x20000f9a        0x2 
 .data          0x20000f9c       0x48 CMakeFiles/DisplayC.dir/C_/Users/User/.pico-sdk/sdk/2.1.0/src/rp2_common/hardware_irq/irq_handler_chain.S.obj
                0x20000f9c                irq_handler_chain_slots
                0x20000fcc                irq_handler_chain_first_slot
                0x20000fd6                irq_handler_chain_remove_tail
 .data.default_alarm_pool
                0x20000fe4       0x18 CMakeFiles/DisplayC.dir/C_/Users/User/.pico-sdk/sdk/2.1.0/src/common/pico_time/time.c.obj
 *fill*         0x20000ffc        0x4 
 .data.aeabi_bits_funcs
                0x20001000       0x10 CMakeFiles/DisplayC.dir/C_/Users/User/.pico-sdk/sdk/2.1.0/src/rp2_common/pico_bit_ops/bit_ops_aeabi.S.obj
                0x20001000                aeabi_bits_funcs
                0x20001010                aeabi_bits_funcs_end
 .data.aeabi_mem_funcs
                0x20001010       0x10 CMakeFiles/DisplayC.dir/C_/Users/User/.pico-sdk/sdk/2.1.0/src/rp2_common/pico_mem_ops/mem_ops_aeabi.S.obj
                0x20001010                aeabi_mem_funcs
                0x20001020                aeabi_mem_funcs_end
 .data.stdio_usb
                0x20001020       0x18 CMakeFiles/DisplayC.dir/C_/Users/User/.pico-sdk/sdk/2.1.0/src/rp2_common/pico_stdio_usb/stdio_usb.c.obj
                0x20001020                stdio_usb
 .data._usbd_qdef
                0x20001038       0x1c CMakeFiles/DisplayC.dir/C_/Users/User/.pico-sdk/sdk/2.1.0/lib/tinyusb/src/device/usbd.c.obj
                0x20001038                _usbd_qdef
 .data._usbd_rhport
                0x20001054        0x1 CMakeFiles/DisplayC.dir/C_/Users/User/.pico-sdk/sdk/2.1.0/lib/tinyusb/src/device/usbd.c.obj
 *fill*         0x20001055        0x3 
 .data.i2c1_inst
                0x20001058        0x8 CMakeFiles/DisplayC.dir/C_/Users/User/.pico-sdk/sdk/2.1.0/src/rp2_common/hardware_i2c/i2c.c.obj
                0x20001058                i2c1_inst
 .data.i2c0_inst
                0x20001060        0x8 CMakeFiles/DisplayC.dir/C_/Users/User/.pico-sdk/sdk/2.1.0/src/rp2_common/hardware_i2c/i2c.c.obj
                0x20001060                i2c0_inst
 .data.__malloc_sbrk_base
                0x20001068        0x4 C:/Users/User/.pico-sdk/toolchain/13_3_Rel1/bin/../lib/gcc/arm-none-eabi/13.3.1/thumb/v6-m/nofp\libg.a(libc_a-mallocr.o)
                0x20001068                __malloc_sbrk_base
 .data.__malloc_trim_threshold
                0x2000106c        0x4 C:/Users/User/.pico-sdk/toolchain/13_3_Rel1/bin/../lib/gcc/arm-none-eabi/13.3.1/thumb/v6-m/nofp\libg.a(libc_a-mallocr.o)
                0x2000106c                __malloc_trim_threshold
 .data.__malloc_av_
                0x20001070      0x408 C:/Users/User/.pico-sdk/toolchain/13_3_Rel1/bin/../lib/gcc/arm-none-eabi/13.3.1/thumb/v6-m/nofp\libg.a(libc_a-mallocr.o)
                0x20001070                __malloc_av_
 .data._impure_ptr
                0x20001478        0x4 C:/Users/User/.pico-sdk/toolchain/13_3_Rel1/bin/../lib/gcc/arm-none-eabi/13.3.1/thumb/v6-m/nofp\libg.a(libc_a-impure.o)
                0x20001478                _impure_ptr
 *fill*         0x2000147c        0x4 
 .data._impure_data
                0x20001480      0x140 C:/Users/User/.pico-sdk/toolchain/13_3_Rel1/bin/../lib/gcc/arm-none-eabi/13.3.1/thumb/v6-m/nofp\libg.a(libc_a-impure.o)
                0x20001480                _impure_data
                0x200015c0                        . = ALIGN (0x4)
 *(.after_data.*)
                0x200015c0                        . = ALIGN (0x4)
                0x200015c0                        PROVIDE (__mutex_array_start = .)
 *(SORT_BY_NAME(.mutex_array.*))
 *(.mutex_array)
 .mutex_array   0x200015c0        0x8 CMakeFiles/DisplayC.dir/C_/Users/User/.pico-sdk/sdk/2.1.0/src/rp2_common/pico_stdio/stdio.c.obj
                0x200015c8                        PROVIDE (__mutex_array_end = .)
                0x200015c8                        . = ALIGN (0x4)
 *(.jcr)
                0x200015c8                        . = ALIGN (0x4)

.tm_clone_table
                0x200015c8        0x0 load address 0x1000a2d0
 .tm_clone_table
                0x200015c8        0x0 C:/Users/User/.pico-sdk/toolchain/13_3_Rel1/bin/../lib/gcc/arm-none-eabi/13.3.1/thumb/v6-m/nofp/crtbegin.o
 .tm_clone_table
                0x200015c8        0x0 C:/Users/User/.pico-sdk/toolchain/13_3_Rel1/bin/../lib/gcc/arm-none-eabi/13.3.1/thumb/v6-m/nofp/crtend.o

.igot.plt       0x200015c8        0x0 load address 0x1000a2d0
 .igot.plt      0x200015c8        0x0 C:/Users/User/.pico-sdk/toolchain/13_3_Rel1/bin/../lib/gcc/arm-none-eabi/13.3.1/thumb/v6-m/nofp/crtbegin.o

.tdata          0x200015c8        0x0 load address 0x1000a2d0
                0x200015c8                        . = ALIGN (0x4)
 *(.tdata .tdata.* .gnu.linkonce.td.*)
                0x200015c8                        __tdata_end = .
                0x200015c8                        PROVIDE (__data_end__ = .)
                0x10008dc8                        __etext = LOADADDR (.data)

.tbss           0x200015c8        0x0 load address 0x1000a2d0
                0x200015c8                        . = ALIGN (0x4)
                0x200015c8                        __bss_start__ = .
                0x200015c8                        __tls_base = .
 *(.tbss .tbss.* .gnu.linkonce.tb.*)
 *(.tcommon)
                0x200015c8                        __tls_end = .

.bss            0x200015c8     0x1230 load address 0x1000a2d0
                0x200015c8                        . = ALIGN (0x4)
                0x200015c8                        __tbss_end = .
 *(SORT_BY_ALIGNMENT(SORT_BY_NAME(.bss*)))
 .bss.default_alarm_pool_entries
                0x200015c8      0x180 CMakeFiles/DisplayC.dir/C_/Users/User/.pico-sdk/sdk/2.1.0/src/common/pico_time/time.c.obj
 .bss.last_avail_time.1
                0x20001748        0x8 CMakeFiles/DisplayC.dir/C_/Users/User/.pico-sdk/sdk/2.1.0/src/rp2_common/pico_stdio_usb/stdio_usb.c.obj
 .bss.sd_table  0x20001750      0x100 CMakeFiles/DisplayC.dir/C_/Users/User/.pico-sdk/sdk/2.1.0/src/rp2_common/pico_double/double_init_rom_rp2040.c.obj
                0x20001750                sd_table
 .bss.sf_table  0x20001850      0x100 CMakeFiles/DisplayC.dir/C_/Users/User/.pico-sdk/sdk/2.1.0/src/rp2_common/pico_float/float_init_rom_rp2040.c.obj
                0x20001850                sf_table
 .bss.__lock___malloc_recursive_mutex
                0x20001950        0x1 C:/Users/User/.pico-sdk/toolchain/13_3_Rel1/bin/../lib/gcc/arm-none-eabi/13.3.1/thumb/v6-m/nofp\libg.a(libc_a-lock.o)
                0x20001950                __lock___malloc_recursive_mutex
 *fill*         0x20001951        0x3 
 .bss.__malloc_current_mallinfo
                0x20001954       0x28 C:/Users/User/.pico-sdk/toolchain/13_3_Rel1/bin/../lib/gcc/arm-none-eabi/13.3.1/thumb/v6-m/nofp\libg.a(libc_a-mallocr.o)
                0x20001954                __malloc_current_mallinfo
 .bss.__malloc_max_sbrked_mem
                0x2000197c        0x4 C:/Users/User/.pico-sdk/toolchain/13_3_Rel1/bin/../lib/gcc/arm-none-eabi/13.3.1/thumb/v6-m/nofp\libg.a(libc_a-mallocr.o)
                0x2000197c                __malloc_max_sbrked_mem
 .bss.__malloc_max_total_mem
                0x20001980        0x4 C:/Users/User/.pico-sdk/toolchain/13_3_Rel1/bin/../lib/gcc/arm-none-eabi/13.3.1/thumb/v6-m/nofp\libg.a(libc_a-mallocr.o)
                0x20001980                __malloc_max_total_mem
 .bss.__malloc_top_pad
                0x20001984        0x4 C:/Users/User/.pico-sdk/toolchain/13_3_Rel1/bin/../lib/gcc/arm-none-eabi/13.3.1/thumb/v6-m/nofp\libg.a(libc_a-mallocr.o)
                0x20001984                __malloc_top_pad
 .bss.__sf      0x20001988      0x138 C:/Users/User/.pico-sdk/toolchain/13_3_Rel1/bin/../lib/gcc/arm-none-eabi/13.3.1/thumb/v6-m/nofp\libg.a(libc_a-findfp.o)
                0x20001988                __sf
 .bss._app_driver
                0x20001ac0        0x4 CMakeFiles/DisplayC.dir/C_/Users/User/.pico-sdk/sdk/2.1.0/lib/tinyusb/src/device/usbd.c.obj
 .bss._cdcd_fifo_cfg
                0x20001ac4        0x1 CMakeFiles/DisplayC.dir/C_/Users/User/.pico-sdk/sdk/2.1.0/lib/tinyusb/src/class/cdc/cdc_device.c.obj
 *fill*         0x20001ac5        0x3 
 .bss._cdcd_itf
                0x20001ac8      0x2c8 CMakeFiles/DisplayC.dir/C_/Users/User/.pico-sdk/sdk/2.1.0/lib/tinyusb/src/class/cdc/cdc_device.c.obj
 .bss._ctrl_xfer
                0x20001d90       0x14 CMakeFiles/DisplayC.dir/C_/Users/User/.pico-sdk/sdk/2.1.0/lib/tinyusb/src/device/usbd_control.c.obj
 .bss._ubsd_mutexdef
                0x20001da4        0x8 CMakeFiles/DisplayC.dir/C_/Users/User/.pico-sdk/sdk/2.1.0/lib/tinyusb/src/device/usbd.c.obj
 .bss._usbd_ctrl_buf
                0x20001dac       0x40 CMakeFiles/DisplayC.dir/C_/Users/User/.pico-sdk/sdk/2.1.0/lib/tinyusb/src/device/usbd_control.c.obj
 .bss._usbd_dev
                0x20001dec       0x54 CMakeFiles/DisplayC.dir/C_/Users/User/.pico-sdk/sdk/2.1.0/lib/tinyusb/src/device/usbd.c.obj
 .bss._usbd_mutex
                0x20001e40        0x4 CMakeFiles/DisplayC.dir/C_/Users/User/.pico-sdk/sdk/2.1.0/lib/tinyusb/src/device/usbd.c.obj
 .bss._usbd_q   0x20001e44        0x4 CMakeFiles/DisplayC.dir/C_/Users/User/.pico-sdk/sdk/2.1.0/lib/tinyusb/src/device/usbd.c.obj
 .bss._usbd_qdef_buf
                0x20001e48       0xc0 CMakeFiles/DisplayC.dir/C_/Users/User/.pico-sdk/sdk/2.1.0/lib/tinyusb/src/device/usbd.c.obj
                0x20001e48                _usbd_qdef_buf
 .bss._used_instruction_space
                0x20001f08        0x8 CMakeFiles/DisplayC.dir/C_/Users/User/.pico-sdk/sdk/2.1.0/src/rp2_common/hardware_pio/pio.c.obj
 .bss._vendord_itf
                0x20001f10      0x2cc CMakeFiles/DisplayC.dir/C_/Users/User/.pico-sdk/sdk/2.1.0/lib/tinyusb/src/class/vendor/vendor_device.c.obj
 .bss.boot2_copyout
                0x200021dc      0x100 CMakeFiles/DisplayC.dir/C_/Users/User/.pico-sdk/sdk/2.1.0/src/rp2_common/hardware_flash/flash.c.obj
 .bss.callbacks
                0x200022dc        0x8 CMakeFiles/DisplayC.dir/C_/Users/User/.pico-sdk/sdk/2.1.0/src/rp2_common/hardware_gpio/gpio.c.obj
 .bss.chars_available_callback
                0x200022e4        0x4 CMakeFiles/DisplayC.dir/C_/Users/User/.pico-sdk/sdk/2.1.0/src/rp2_common/pico_stdio_usb/stdio_usb.c.obj
 .bss.chars_available_param
                0x200022e8        0x4 CMakeFiles/DisplayC.dir/C_/Users/User/.pico-sdk/sdk/2.1.0/src/rp2_common/pico_stdio_usb/stdio_usb.c.obj
 .bss.claimed   0x200022ec        0x4 CMakeFiles/DisplayC.dir/C_/Users/User/.pico-sdk/sdk/2.1.0/src/rp2_common/hardware_sync/sync.c.obj
 .bss.claimed   0x200022f0        0x1 CMakeFiles/DisplayC.dir/C_/Users/User/.pico-sdk/sdk/2.1.0/src/rp2_common/hardware_timer/timer.c.obj
 *fill*         0x200022f1        0x3 
 .bss.claimed   0x200022f4        0x1 CMakeFiles/DisplayC.dir/C_/Users/User/.pico-sdk/sdk/2.1.0/src/rp2_common/hardware_pio/pio.c.obj
 *fill*         0x200022f5        0x3 
 .bss.configured_freq
                0x200022f8       0x28 CMakeFiles/DisplayC.dir/C_/Users/User/.pico-sdk/sdk/2.1.0/src/rp2_common/hardware_clocks/clocks.c.obj
 .bss.desc_str.0
                0x20002320       0x28 CMakeFiles/DisplayC.dir/C_/Users/User/.pico-sdk/sdk/2.1.0/src/rp2_common/pico_stdio_usb/stdio_usb_descriptors.c.obj
 .bss.drivers   0x20002348        0x4 CMakeFiles/DisplayC.dir/C_/Users/User/.pico-sdk/sdk/2.1.0/src/rp2_common/pico_stdio/stdio.c.obj
 .bss.e15_last_sof
                0x2000234c        0x4 CMakeFiles/DisplayC.dir/C_/Users/User/.pico-sdk/sdk/2.1.0/lib/tinyusb/src/portable/raspberrypi/rp2040/rp2040_usb.c.obj
                0x2000234c                e15_last_sof
 .bss.errno     0x20002350        0x4 C:/Users/User/.pico-sdk/toolchain/13_3_Rel1/bin/../lib/gcc/arm-none-eabi/13.3.1/thumb/v6-m/nofp\libg.a(libc_a-reent.o)
                0x20002350                errno
 .bss.filter    0x20002354        0x4 CMakeFiles/DisplayC.dir/C_/Users/User/.pico-sdk/sdk/2.1.0/src/rp2_common/pico_stdio/stdio.c.obj
 .bss.g_border_style
                0x20002358        0x4 CMakeFiles/DisplayC.dir/DisplayC.c.obj
 .bss.heap_end.0
                0x2000235c        0x4 CMakeFiles/DisplayC.dir/C_/Users/User/.pico-sdk/sdk/2.1.0/src/rp2_common/pico_clib_interface/newlib_interface.c.obj
 .bss.hw_endpoints
                0x20002360      0x400 CMakeFiles/DisplayC.dir/C_/Users/User/.pico-sdk/sdk/2.1.0/lib/tinyusb/src/portable/raspberrypi/rp2040/dcd_rp2040.c.obj
 .bss.lazy_vsnprintf
                0x20002760        0x4 CMakeFiles/DisplayC.dir/C_/Users/User/.pico-sdk/sdk/2.1.0/src/rp2_common/pico_printf/printf.c.obj
 .bss.load_value
                0x20002764        0x4 CMakeFiles/DisplayC.dir/C_/Users/User/.pico-sdk/sdk/2.1.0/src/rp2_common/hardware_watchdog/watchdog.c.obj
 .bss.next_buffer_ptr
                0x20002768        0x4 CMakeFiles/DisplayC.dir/C_/Users/User/.pico-sdk/sdk/2.1.0/lib/tinyusb/src/portable/raspberrypi/rp2040/dcd_rp2040.c.obj
 .bss.object.0  0x2000276c       0x18 C:/Users/User/.pico-sdk/toolchain/13_3_Rel1/bin/../lib/gcc/arm-none-eabi/13.3.1/thumb/v6-m/nofp/crtbegin.o
 .bss.one_shot_timer_crit_sec
                0x20002784        0x8 CMakeFiles/DisplayC.dir/C_/Users/User/.pico-sdk/sdk/2.1.0/src/rp2_common/pico_stdio_usb/stdio_usb.c.obj
 .bss.pools     0x2000278c       0x10 CMakeFiles/DisplayC.dir/C_/Users/User/.pico-sdk/sdk/2.1.0/src/common/pico_time/time.c.obj
 .bss.raw_irq_mask
                0x2000279c        0x8 CMakeFiles/DisplayC.dir/C_/Users/User/.pico-sdk/sdk/2.1.0/src/rp2_common/hardware_gpio/gpio.c.obj
 .bss.retrieved_id
                0x200027a4        0x8 CMakeFiles/DisplayC.dir/C_/Users/User/.pico-sdk/sdk/2.1.0/src/rp2_common/pico_unique_id/unique_id.c.obj
 .bss.sf_clz_func
                0x200027ac        0x4 CMakeFiles/DisplayC.dir/C_/Users/User/.pico-sdk/sdk/2.1.0/src/rp2_common/pico_double/double_init_rom_rp2040.c.obj
                0x200027ac                sf_clz_func
 .bss.sleep_notifier